Component: ARM Compiler 5.05 update 1 (build 106) Tool: armlink [4d0efa]

==============================================================================

Section Cross References

    system_stm32f4xx.o(i.SystemCoreClockUpdate) refers to system_stm32f4xx.o(.data) for SystemCoreClock
    system_stm32f4xx.o(i.SystemInit) refers to system_stm32f4xx.o(i.SetSysClock) for SetSysClock
    bsp.o(i.BSP_Init) refers to misc.o(i.NVIC_PriorityGroupConfig) for NVIC_PriorityGroupConfig
    bsp.o(i.BSP_Init) refers to timer.o(i.TIM2_Configuration) for TIM2_Configuration
    bsp.o(i.BSP_Init) refers to timer.o(i.TIM6_Configuration) for TIM6_Configuration
    bsp.o(i.BSP_Init) refers to can1.o(i.CAN1_Configuration) for CAN1_Configuration
    bsp.o(i.BSP_Init) refers to can2.o(i.CAN2_Configuration) for CAN2_Configuration
    bsp.o(i.BSP_Init) refers to usart1.o(i.USART1_Configuration) for USART1_Configuration
    bsp.o(i.BSP_Init) refers to usart3.o(i.USART3_Init) for USART3_Init
    bsp.o(i.BSP_Init) refers to usart2.o(i.usart2_Init) for usart2_Init
    bsp.o(i.BSP_Init) refers to usart6.o(i.USART6_Configuration) for USART6_Configuration
    bsp.o(i.BSP_Init) refers to gun.o(i.PWM_Configuration) for PWM_Configuration
    bsp.o(i.BSP_Init) refers to usart7.o(i.USART7_Configuration) for USART7_Configuration
    bsp.o(i.BSP_Init) refers to kalman.o(i.CreateKalman) for CreateKalman
    bsp.o(i.BSP_Init) refers to kalman.o(i.InitKalman) for InitKalman
    bsp.o(i.BSP_Init) refers to bsp.o(i.laser_configuration) for laser_configuration
    bsp.o(i.BSP_Init) refers to kalman.o(.bss) for KALMAN1
    bsp.o(i.laser_configuration) refers to stm32f4xx_rcc.o(i.RCC_AHB1PeriphClockCmd) for RCC_AHB1PeriphClockCmd
    bsp.o(i.laser_configuration) refers to stm32f4xx_gpio.o(i.GPIO_Init) for GPIO_Init
    bsp.o(i.laser_configuration) refers to bsp.o(i.laser_on) for laser_on
    bsp.o(i.laser_off) refers to stm32f4xx_gpio.o(i.GPIO_ResetBits) for GPIO_ResetBits
    bsp.o(i.laser_on) refers to stm32f4xx_gpio.o(i.GPIO_SetBits) for GPIO_SetBits
    can1.o(i.CAN1_Configuration) refers to stm32f4xx_rcc.o(i.RCC_AHB1PeriphClockCmd) for RCC_AHB1PeriphClockCmd
    can1.o(i.CAN1_Configuration) refers to stm32f4xx_rcc.o(i.RCC_APB1PeriphClockCmd) for RCC_APB1PeriphClockCmd
    can1.o(i.CAN1_Configuration) refers to stm32f4xx_gpio.o(i.GPIO_PinAFConfig) for GPIO_PinAFConfig
    can1.o(i.CAN1_Configuration) refers to stm32f4xx_gpio.o(i.GPIO_Init) for GPIO_Init
    can1.o(i.CAN1_Configuration) refers to stm32f4xx_can.o(i.CAN_DeInit) for CAN_DeInit
    can1.o(i.CAN1_Configuration) refers to stm32f4xx_can.o(i.CAN_StructInit) for CAN_StructInit
    can1.o(i.CAN1_Configuration) refers to stm32f4xx_can.o(i.CAN_Init) for CAN_Init
    can1.o(i.CAN1_Configuration) refers to stm32f4xx_can.o(i.CAN_FilterInit) for CAN_FilterInit
    can1.o(i.CAN1_Configuration) refers to stm32f4xx_can.o(i.CAN_ITConfig) for CAN_ITConfig
    can1.o(i.CAN1_Configuration) refers to misc.o(i.NVIC_Init) for NVIC_Init
    can1.o(i.CAN1_RX0_IRQHandler) refers to stm32f4xx_can.o(i.CAN_GetITStatus) for CAN_GetITStatus
    can1.o(i.CAN1_RX0_IRQHandler) refers to stm32f4xx_can.o(i.CAN_ClearITPendingBit) for CAN_ClearITPendingBit
    can1.o(i.CAN1_RX0_IRQHandler) refers to stm32f4xx_can.o(i.CAN_ClearFlag) for CAN_ClearFlag
    can1.o(i.CAN1_RX0_IRQHandler) refers to stm32f4xx_can.o(i.CAN_Receive) for CAN_Receive
    can1.o(i.CAN1_RX0_IRQHandler) refers to canbustask.o(i.CanReceiveMsgProcess) for CanReceiveMsgProcess
    can1.o(i.CAN1_TX_IRQHandler) refers to stm32f4xx_can.o(i.CAN_GetITStatus) for CAN_GetITStatus
    can1.o(i.CAN1_TX_IRQHandler) refers to stm32f4xx_can.o(i.CAN_ClearITPendingBit) for CAN_ClearITPendingBit
    can2.o(i.CAN2_Configuration) refers to stm32f4xx_rcc.o(i.RCC_AHB1PeriphClockCmd) for RCC_AHB1PeriphClockCmd
    can2.o(i.CAN2_Configuration) refers to stm32f4xx_rcc.o(i.RCC_APB1PeriphClockCmd) for RCC_APB1PeriphClockCmd
    can2.o(i.CAN2_Configuration) refers to stm32f4xx_gpio.o(i.GPIO_PinAFConfig) for GPIO_PinAFConfig
    can2.o(i.CAN2_Configuration) refers to stm32f4xx_gpio.o(i.GPIO_Init) for GPIO_Init
    can2.o(i.CAN2_Configuration) refers to stm32f4xx_can.o(i.CAN_DeInit) for CAN_DeInit
    can2.o(i.CAN2_Configuration) refers to stm32f4xx_can.o(i.CAN_StructInit) for CAN_StructInit
    can2.o(i.CAN2_Configuration) refers to stm32f4xx_can.o(i.CAN_Init) for CAN_Init
    can2.o(i.CAN2_Configuration) refers to stm32f4xx_can.o(i.CAN_FilterInit) for CAN_FilterInit
    can2.o(i.CAN2_Configuration) refers to stm32f4xx_can.o(i.CAN_ITConfig) for CAN_ITConfig
    can2.o(i.CAN2_Configuration) refers to misc.o(i.NVIC_Init) for NVIC_Init
    can2.o(i.CAN2_RX0_IRQHandler) refers to stm32f4xx_can.o(i.CAN_GetITStatus) for CAN_GetITStatus
    can2.o(i.CAN2_RX0_IRQHandler) refers to stm32f4xx_can.o(i.CAN_ClearITPendingBit) for CAN_ClearITPendingBit
    can2.o(i.CAN2_RX0_IRQHandler) refers to stm32f4xx_can.o(i.CAN_Receive) for CAN_Receive
[...]
    i.WorkStateSwitchProcess                 0x08008db0   Section        0  workstate.o(i.WorkStateSwitchProcess)
    i.XTLKeyCtrl                             0x08008ddc   Section        0  mousekeycontrol.o(i.XTLKeyCtrl)
    i.__ARM_fpclassify                       0x08008ec8   Section        0  fpclassify.o(i.__ARM_fpclassify)
    i.__hardfp_cos                           0x08008ef8   Section        0  cos.o(i.__hardfp_cos)
    i.__hardfp_fabs                          0x08008fc0   Section        0  fabs.o(i.__hardfp_fabs)
    i.__hardfp_ldexp                         0x08008fd8   Section        0  ldexp.o(i.__hardfp_ldexp)
    i.__hardfp_sin                           0x080090a8   Section        0  sin.o(i.__hardfp_sin)
    i.__ieee754_rem_pio2                     0x08009170   Section        0  rred.o(i.__ieee754_rem_pio2)
    i.__kernel_cos                           0x080095a8   Section        0  cos_i.o(i.__kernel_cos)
    i.__kernel_poly                          0x08009718   Section        0  poly.o(i.__kernel_poly)
    i.__kernel_sin                           0x08009810   Section        0  sin_i.o(i.__kernel_sin)
    i.__mathlib_dbl_infnan                   0x08009940   Section        0  dunder.o(i.__mathlib_dbl_infnan)
    i.__mathlib_dbl_invalid                  0x08009958   Section        0  dunder.o(i.__mathlib_dbl_invalid)
    i.__mathlib_dbl_overflow                 0x08009978   Section        0  dunder.o(i.__mathlib_dbl_overflow)
    i.__mathlib_dbl_underflow                0x08009998   Section        0  dunder.o(i.__mathlib_dbl_underflow)
    i.__scatterload_copy                     0x080099b8   Section       14  handlers.o(i.__scatterload_copy)
    i.__scatterload_null                     0x080099c6   Section        2  handlers.o(i.__scatterload_null)
    i.__scatterload_zeroinit                 0x080099c8   Section       14  handlers.o(i.__scatterload_zeroinit)
    i.__set_errno                            0x080099d8   Section        0  errno.o(i.__set_errno)
    i.data_pack_handle                       0x080099e4   Section        0  crc.o(i.data_pack_handle)
    i.delay_ms                               0x08009a2c   Section        0  delay.o(i.delay_ms)
    i.engineerpower_Init                     0x08009a48   Section        0  controltask.o(i.engineerpower_Init)
    i.fabs                                   0x08009a84   Section        0  fabs.o(i.fabs)
    i.frictionwheelmotor                     0x08009a9c   Section        0  speedtask.o(i.frictionwheelmotor)
    i.getRobotPowerHeat                      0x08009b5c   Section        0  dataprocess.o(i.getRobotPowerHeat)
    i.getRobotShootData                      0x08009bd4   Section        0  dataprocess.o(i.getRobotShootData)
    i.getRobotState                          0x08009c44   Section        0  dataprocess.o(i.getRobotState)
    i.getdistancemode                        0x08009ca0   Section        0  speedtask.o(i.getdistancemode)
    i.include_round_engle                    0x08009cac   Section        0  canbustask.o(i.include_round_engle)
    i.laser_configuration                    0x08009d54   Section        0  bsp.o(i.laser_configuration)
    i.laser_on                               0x08009d90   Section        0  bsp.o(i.laser_on)
    i.main                                   0x08009da4   Section        0  main.o(i.main)
    i.setdistancemode                        0x08009de8   Section        0  speedtask.o(i.setdistancemode)
    i.usart2_Init                            0x08009e3c   Section        0  usart2.o(i.usart2_Init)
    i.user_data_handle                       0x08009f84   Section        0  dataprocess.o(i.user_data_handle)
    .constdata                               0x0800a0a4   Section      768  crc.o(.constdata)
    .constdata                               0x0800a3a8   Section      120  kalman.o(.constdata)
    .constdata                               0x0800a420   Section       48  cos_i.o(.constdata)
    C                                        0x0800a420   Data          48  cos_i.o(.constdata)
    .constdata                               0x0800a450   Section      200  rred.o(.constdata)
    pio2s                                    0x0800a450   Data          48  rred.o(.constdata)
    twooverpi                                0x0800a480   Data         152  rred.o(.constdata)
    .constdata                               0x0800a518   Section       40  sin_i.o(.constdata)
    S                                        0x0800a518   Data          40  sin_i.o(.constdata)
    .data                                    0x20000000   Section       20  usart3.o(.data)
    usart3_this_time_rx_len                  0x20000010   Data           4  usart3.o(.data)
    .data                                    0x20000014   Section        8  main.o(.data)
    .data                                    0x2000001c   Section        8  usart1.o(.data)
    usart1_this_time_rx_len                  0x20000020   Data           4  usart1.o(.data)
    .data                                    0x20000024   Section      100  usart2.o(.data)
    usart2_this_time_rx_len                  0x20000084   Data           4  usart2.o(.data)
    .data                                    0x20000088   Section       40  usart6.o(.data)
    usart6_this_time_rx_len                  0x200000a0   Data           4  usart6.o(.data)
    count                                    0x200000a4   Data           4  usart6.o(.data)
    LastAngle                                0x200000a8   Data           4  usart6.o(.data)
    NowAngle                                 0x200000ac   Data           4  usart6.o(.data)
    .data                                    0x200000b0   Section    11312  controltask.o(.data)
    .data                                    0x20002ce0   Section       28  usart7.o(.data)
    usart7_this_time_rx_len                  0x20002cf4   Data           4  usart7.o(.data)
    j                                        0x20002cf8   Data           4  usart7.o(.data)
    .data                                    0x20002cfc   Section       92  speedtask.o(.data)
    .data                                    0x20002d58   Section       16  workstate.o(.data)
    .data                                    0x20002d68   Section       16  canbustask.o(.data)
    can_count                                0x20002d68   Data           4  canbustask.o(.data)
    can2_count                               0x20002d6c   Data           4  canbustask.o(.data)
    .data                                    0x20002d78   Section       92  mousekeycontrol.o(.data)
    forward_back_speed                       0x20002dd0   Data           2  mousekeycontrol.o(.data)
    left_right_speed                         0x20002dd2   Data           2  mousekeycontrol.o(.data)
    .data                                    0x20002dd4   Section      264  remotetask.o(.data)
    .data                                    0x20002edc   Section        5  inputstate.o(.data)
    inputmode                                0x20002edc   Data           1  inputstate.o(.data)
    S1inputmode                              0x20002ede   Data           1  inputstate.o(.data)
    .data                                    0x20002ee4   Section       12  remotecontrol.o(.data)
    switch_cnt                               0x20002eec   Data           4  remotecontrol.o(.data)
    .data                                    0x20002ef0   Section        2  supervisetask.o(.data)
    .data                                    0x20002ef4   Section       44  dataprocess.o(.data)
    last_Small_bulletSpeed                   0x20002f1c   Data           4  dataprocess.o(.data)
    .data                                    0x20002f20   Section        4  crc.o(.data)
    .data                                    0x20002f24   Section       16  stm32f4xx_rcc.o(.data)
    APBAHBPrescTable                         0x20002f24   Data          16  stm32f4xx_rcc.o(.data)
    .data                                    0x20002f34   Section        4  errno.o(.data)
    _errno                                   0x20002f34   Data           4  errno.o(.data)
    .bss                                     0x20002f38   Section      246  usart3.o(.bss)
    .bss                                     0x2000302e   Section       78  timer.o(.bss)
    .bss                                     0x2000307c   Section       60  usart1.o(.bss)
    REMOTE_DMA_RX_BUF                        0x2000307c   Data          60  usart1.o(.bss)
    .bss                                     0x200030b8   Section      984  usart2.o(.bss)
    miaosuan_data                            0x200033ec   Data          18  usart2.o(.bss)
    .bss                                     0x20003490   Section      168  usart6.o(.bss)
    IMU_DMA_RX_BUF                           0x20003490   Data         144  usart6.o(.bss)
    .bss                                     0x20003538   Section     1124  canbustask.o(.bss)
    .bss                                     0x2000399c   Section       94  remotetask.o(.bss)
    .bss                                     0x200039fa   Section       23  remotecontrol.o(.bss)
    switch1                                  0x200039fa   Data          23  remotecontrol.o(.bss)
    .bss                                     0x20003a11   Section      164  dataprocess.o(.bss)
    .bss                                     0x20003ab5   Section       28  crc.o(.bss)
    .bss                                     0x20003ad8   Section     4904  kalman.o(.bss)
    STACK                                    0x20004e00   Section     4096  startup_stm32f427xx.o(STACK)

    Global Symbols

    Symbol Name                              Value     Ov Type        Size  Object(Section)

    BuildAttributes$$THM_ISAv4$E$P$D$K$B$S$7EM$VFPi3$EXTD16$VFPS$VFMA$PE$A:L22UL41UL21$X:L11$S22US41US21$IEEE1$IW$USESV6$~STKCKD$USESV7$~SHL$OTIME$ROPI$IEEEX$EBA8$MICROLIB$REQ8$PRES8$EABIv2 0x00000000   Number         0  anon$$obj.o ABSOLUTE
    __ARM_use_no_argv                        0x00000000   Number         0  main.o ABSOLUTE
    __cpp_initialize__aeabi_                  - Undefined Weak Reference
    __cxa_finalize                            - Undefined Weak Reference
    _clock_init                               - Undefined Weak Reference
    _microlib_exit                            - Undefined Weak Reference
    __Vectors_Size                           0x000001ac   Number         0  startup_stm32f427xx.o ABSOLUTE
    __Vectors                                0x08000000   Data           4  startup_stm32f427xx.o(RESET)
    __Vectors_End                            0x080001ac   Data           0  startup_stm32f427xx.o(RESET)
    __main                                   0x080001ad   Thumb Code     0  entry.o(.ARM.Collect$$$$00000000)
    _main_stk                                0x080001ad   Thumb Code     0  entry2.o(.ARM.Collect$$$$00000001)
    _main_scatterload                        0x080001b1   Thumb Code     0  entry5.o(.ARM.Collect$$$$00000004)
    __main_after_scatterload                 0x080001b5   Thumb Code     0  entry5.o(.ARM.Collect$$$$00000004)
    _main_clock                              0x080001b5   Thumb Code     0  entry7b.o(.ARM.Collect$$$$00000008)
    _main_cpp_init                           0x080001b5   Thumb Code     0  entry8b.o(.ARM.Collect$$$$0000000A)
    _main_init                               0x080001b5   Thumb Code     0  entry9a.o(.ARM.Collect$$$$0000000B)
    __rt_final_cpp                           0x080001bd   Thumb Code     0  entry10a.o(.ARM.Collect$$$$0000000D)
    __rt_final_exit                          0x080001bd   Thumb Code     0  entry11a.o(.ARM.Collect$$$$0000000F)
    Reset_Handler                            0x080001c1   Thumb Code     8  startup_stm32f427xx.o(.text)
    ADC_IRQHandler                           0x080001db   Thumb Code     0  startup_stm32f427xx.o(.text)
    CAN1_RX1_IRQHandler                      0x080001db   Thumb Code     0  startup_stm32f427xx.o(.text)
    CAN1_SCE_IRQHandler                      0x080001db   Thumb Code     0  startup_stm32f427xx.o(.text)
    CAN2_RX1_IRQHandler                      0x080001db   Thumb Code     0  startup_stm32f427xx.o(.text)
    CAN2_SCE_IRQHandler                      0x080001db   Thumb Code     0  startup_stm32f427xx.o(.text)
    DCMI_IRQHandler                          0x080001db   Thumb Code     0  startup_stm32f427xx.o(.text)
    DMA1_Stream0_IRQHandler                  0x080001db   Thumb Code     0  startup_stm32f427xx.o(.text)
    DMA1_Stream1_IRQHandler                  0x080001db   Thumb Code     0  startup_stm32f427xx.o(.text)
    DMA1_Stream2_IRQHandler                  0x080001db   Thumb Code     0  startup_stm32f427xx.o(.text)
    DMA1_Stream3_IRQHandler                  0x080001db   Thumb Code     0  startup_stm32f427xx.o(.text)
    DMA1_Stream4_IRQHandler                  0x080001db   Thumb Code     0  startup_stm32f427xx.o(.text)
    DMA1_Stream5_IRQHandler                  0x080001db   Thumb Code     0  startup_stm32f427xx.o(.text)
    DMA1_Stream7_IRQHandler                  0x080001db   Thumb Code     0  startup_stm32f427xx.o(.text)
    DMA2D_IRQHandler                         0x080001db   Thumb Code     0  startup_stm32f427xx.o(.text)
    DMA2_Stream0_IRQHandler                  0x080001db   Thumb Code     0  startup_stm32f427xx.o(.text)
    DMA2_Stream1_IRQHandler                  0x080001db   Thumb Code     0  startup_stm32f427xx.o(.text)
    DMA2_Stream2_IRQHandler                  0x080001db   Thumb Code     0  startup_stm32f427xx.o(.text)
    DMA2_Stream3_IRQHandler                  0x080001db   Thumb Code     0  startup_stm32f427xx.o(.text)
    DMA2_Stream4_IRQHandler                  0x080001db   Thumb Code     0  startup_stm32f427xx.o(.text)
    DMA2_Stream5_IRQHandler                  0x080001db   Thumb Code     0  startup_stm32f427xx.o(.text)
    DMA2_Stream6_IRQHandler                  0x080001db   Thumb Code     0  startup_stm32f427xx.o(.text)
    DMA2_Stream7_IRQHandler                  0x080001db   Thumb Code     0  startup_stm32f427xx.o(.text)
    ETH_IRQHandler                           0x080001db   Thumb Code     0  startup_stm32f427xx.o(.text)
    ETH_WKUP_IRQHandler                      0x080001db   Thumb Code     0  startup_stm32f427xx.o(.text)
    EXTI0_IRQHandler                         0x080001db   Thumb Code     0  startup_stm32f427xx.o(.text)
    EXTI15_10_IRQHandler                     0x080001db   Thumb Code     0  startup_stm32f427xx.o(.text)
    EXTI1_IRQHandler                         0x080001db   Thumb Code     0  startup_stm32f427xx.o(.text)
    EXTI2_IRQHandler                         0x080001db   Thumb Code     0  startup_stm32f427xx.o(.text)
    EXTI3_IRQHandler                         0x080001db   Thumb Code     0  startup_stm32f427xx.o(.text)
    EXTI4_IRQHandler                         0x080001db   Thumb Code     0  startup_stm32f427xx.o(.text)
    EXTI9_5_IRQHandler                       0x080001db   Thumb Code     0  startup_stm32f427xx.o(.text)
    FLASH_IRQHandler                         0x080001db   Thumb Code     0  startup_stm32f427xx.o(.text)
    FMC_IRQHandler                           0x080001db   Thumb Code     0  startup_stm32f427xx.o(.text)
    FPU_IRQHandler                           0x080001db   Thumb Code     0  startup_stm32f427xx.o(.text)
    HASH_RNG_IRQHandler                      0x080001db   Thumb Code     0  startup_stm32f427xx.o(.text)
    I2C1_ER_IRQHandler                       0x080001db   Thumb Code     0  startup_stm32f427xx.o(.text)
    I2C1_EV_IRQHandler                       0x080001db   Thumb Code     0  startup_stm32f427xx.o(.text)
    I2C2_ER_IRQHandler                       0x080001db   Thumb Code     0  startup_stm32f427xx.o(.text)
    I2C2_EV_IRQHandler                       0x080001db   Thumb Code     0  startup_stm32f427xx.o(.text)
    I2C3_ER_IRQHandler                       0x080001db   Thumb Code     0  startup_stm32f427xx.o(.text)
    I2C3_EV_IRQHandler                       0x080001db   Thumb Code     0  startup_stm32f427xx.o(.text)
    OTG_FS_IRQHandler                        0x080001db   Thumb Code     0  startup_stm32f427xx.o(.text)
    OTG_FS_WKUP_IRQHandler                   0x080001db   Thumb Code     0  startup_stm32f427xx.o(.text)
    OTG_HS_EP1_IN_IRQHandler                 0x080001db   Thumb Code     0  startup_stm32f427xx.o(.text)
    OTG_HS_EP1_OUT_IRQHandler                0x080001db   Thumb Code     0  startup_stm32f427xx.o(.text)
    OTG_HS_IRQHandler                        0x080001db   Thumb Code     0  startup_stm32f427xx.o(.text)
    OTG_HS_WKUP_IRQHandler                   0x080001db   Thumb Code     0  startup_stm32f427xx.o(.text)
    PVD_IRQHandler                           0x080001db   Thumb Code     0  startup_stm32f427xx.o(.text)
    RCC_IRQHandler                           0x080001db   Thumb Code     0  startup_stm32f427xx.o(.text)
    RTC_Alarm_IRQHandler                     0x080001db   Thumb Code     0  startup_stm32f427xx.o(.text)
    RTC_WKUP_IRQHandler                      0x080001db   Thumb Code     0  startup_stm32f427xx.o(.text)
    SAI1_IRQHandler                          0x080001db   Thumb Code     0  startup_stm32f427xx.o(.text)
    SDIO_IRQHandler                          0x080001db   Thumb Code     0  startup_stm32f427xx.o(.text)
    SPI1_IRQHandler                          0x080001db   Thumb Code     0  startup_stm32f427xx.o(.text)
    SPI2_IRQHandler                          0x080001db   Thumb Code     0  startup_stm32f427xx.o(.text)
    SPI3_IRQHandler                          0x080001db   Thumb Code     0  startup_stm32f427xx.o(.text)
    SPI4_IRQHandler                          0x080001db   Thumb Code     0  startup_stm32f427xx.o(.text)
    SPI5_IRQHandler                          0x080001db   Thumb Code     0  startup_stm32f427xx.o(.text)
    SPI6_IRQHandler                          0x080001db   Thumb Code     0  startup_stm32f427xx.o(.text)
    TAMP_STAMP_IRQHandler                    0x080001db   Thumb Code     0  startup_stm32f427xx.o(.text)
    TIM1_BRK_TIM9_IRQHandler                 0x080001db   Thumb Code     0  startup_stm32f427xx.o(.text)
    TIM1_CC_IRQHandler                       0x080001db   Thumb Code     0  startup_stm32f427xx.o(.text)
    TIM1_TRG_COM_TIM11_IRQHandler            0x080001db   Thumb Code     0  startup_stm32f427xx.o(.text)
    TIM1_UP_TIM10_IRQHandler                 0x080001db   Thumb Code     0  startup_stm32f427xx.o(.text)
    TIM3_IRQHandler                          0x080001db   Thumb Code     0  startup_stm32f427xx.o(.text)
    TIM4_IRQHandler                          0x080001db   Thumb Code     0  startup_stm32f427xx.o(.text)
    TIM5_IRQHandler                          0x080001db   Thumb Code     0  startup_stm32f427xx.o(.text)
    TIM7_IRQHandler                          0x080001db   Thumb Code     0  startup_stm32f427xx.o(.text)
    TIM8_BRK_TIM12_IRQHandler                0x080001db   Thumb Code     0  startup_stm32f427xx.o(.text)
    TIM8_CC_IRQHandler                       0x080001db   Thumb Code     0  startup_stm32f427xx.o(.text)
    TIM8_TRG_COM_TIM14_IRQHandler            0x080001db   Thumb Code     0  startup_stm32f427xx.o(.text)
    TIM8_UP_TIM13_IRQHandler                 0x080001db   Thumb Code     0  startup_stm32f427xx.o(.text)
    UART4_IRQHandler                         0x080001db   Thumb Code     0  startup_stm32f427xx.o(.text)
    UART5_IRQHandler                         0x080001db   Thumb Code     0  startup_stm32f427xx.o(.text)
    UART8_IRQHandler                         0x080001db   Thumb Code     0  startup_stm32f427xx.o(.text)
    WWDG_IRQHandler                          0x080001db   Thumb Code     0  startup_stm32f427xx.o(.text)
    RampInit                                 0x080001e5   Thumb Code     8  ramp.o(.text)
    RampCalc                                 0x080001ed   Thumb Code    66  ramp.o(.text)
    RampSetCounter                           0x0800022f   Thumb Code     4  ramp.o(.text)
    RampResetCounter                         0x08000233   Thumb Code     6  ramp.o(.text)
    RampSetScale                             0x08000239   Thumb Code     4  ramp.o(.text)
    RampIsOverflow                           0x0800023d   Thumb Code    18  ramp.o(.text)
    PID_Reset                                0x08000255   Thumb Code    50  pid_regulator.o(.text)
    PID_Calc                                 0x08000287   Thumb Code   234  pid_regulator.o(.text)
    __aeabi_memcpy                           0x08000375   Thumb Code    36  memcpya.o(.text)
    __aeabi_memcpy4                          0x08000375   Thumb Code     0  memcpya.o(.text)
    __aeabi_memcpy8                          0x08000375   Thumb Code     0  memcpya.o(.text)
    __aeabi_memset                           0x08000399   Thumb Code    14  memseta.o(.text)
    __aeabi_memset4                          0x08000399   Thumb Code     0  memseta.o(.text)
    __aeabi_memset8                          0x08000399   Thumb Code     0  memseta.o(.text)
    __aeabi_memclr                           0x080003a7   Thumb Code     4  memseta.o(.text)
    __aeabi_memclr4                          0x080003a7   Thumb Code     0  memseta.o(.text)
    __aeabi_memclr8                          0x080003a7   Thumb Code     0  memseta.o(.text)
    _memset$wrapper                          0x080003ab   Thumb Code    18  memseta.o(.text)
    __aeabi_dadd                             0x080003bd   Thumb Code   322  dadd.o(.text)
    __aeabi_dsub                             0x080004ff   Thumb Code     6  dadd.o(.text)
    __aeabi_drsub                            0x08000505   Thumb Code     6  dadd.o(.text)
    __aeabi_dmul                             0x0800050b   Thumb Code   228  dmul.o(.text)
    __aeabi_ddiv                             0x080005ef   Thumb Code   222  ddiv.o(.text)
    __aeabi_i2d                              0x080006cd   Thumb Code    34  dflti.o(.text)
    __aeabi_ui2d                             0x080006ef   Thumb Code    26  dfltui.o(.text)
    __aeabi_d2iz                             0x08000709   Thumb Code    62  dfixi.o(.text)
    __aeabi_f2d                              0x08000747   Thumb Code    38  f2d.o(.text)
    __aeabi_cdcmpeq                          0x0800076d   Thumb Code     0  cdcmple.o(.text)
    __aeabi_cdcmple                          0x0800076d   Thumb Code    48  cdcmple.o(.text)
    __aeabi_cdrcmple                         0x0800079d   Thumb Code    48  cdrcmple.o(.text)
    __aeabi_d2f                              0x080007cd   Thumb Code    56  d2f.o(.text)
    __aeabi_llsl                             0x08000805   Thumb Code    30  llshl.o(.text)
    _ll_shift_l                              0x08000805   Thumb Code     0  llshl.o(.text)
    __aeabi_llsr                             0x08000823   Thumb Code    32  llushr.o(.text)
    _ll_ushift_r                             0x08000823   Thumb Code     0  llushr.o(.text)
    __aeabi_lasr                             0x08000843   Thumb Code    36  llsshr.o(.text)
    _ll_sshift_r                             0x08000843   Thumb Code     0  llsshr.o(.text)
    __I$use$fp                               0x08000867   Thumb Code     0  iusefp.o(.text)
    _float_round                             0x08000867   Thumb Code    18  fepilogue.o(.text)
    _float_epilogue                          0x08000879   Thumb Code    92  fepilogue.o(.text)
    _double_round                            0x080008d5   Thumb Code    30  depilogue.o(.text)
    _double_epilogue                         0x080008f3   Thumb Code   156  depilogue.o(.text)
    __ARM_scalbn                             0x0800098f   Thumb Code    46  dscalb.o(.text)
    scalbn                                   0x0800098f   Thumb Code     0  dscalb.o(.text)
    __scatterload                            0x080009bd   Thumb Code    28  init.o(.text)
    __scatterload_rt2                        0x080009bd   Thumb Code     0  init.o(.text)
    __decompress                             0x080009e1   Thumb Code     0  __dczerorl2.o(.text)
    __decompress1                            0x080009e1   Thumb Code    86  __dczerorl2.o(.text)
    Append_CRC16_Check_Sum                   0x08000a39   Thumb Code    44  crc.o(i.Append_CRC16_Check_Sum)
    Append_CRC8_Check_Sum                    0x08000a69   Thumb Code    38  crc.o(i.Append_CRC8_Check_Sum)
    BSP_Init                                 0x08000a95   Thumb Code    72  bsp.o(i.BSP_Init)
    BusFault_Handler                         0x08000ae1   Thumb Code     4  stm32f4xx_it.o(i.BusFault_Handler)
    CAN1_Configuration                       0x08000ae5   Thumb Code   260  can1.o(i.CAN1_Configuration)
    CAN1_RX0_IRQHandler                      0x08000bf1   Thumb Code    50  can1.o(i.CAN1_RX0_IRQHandler)
    CAN1_TX_IRQHandler                       0x08000c2d   Thumb Code    22  can1.o(i.CAN1_TX_IRQHandler)
    CAN2_Configuration                       0x08000c49   Thumb Code   276  can2.o(i.CAN2_Configuration)
    CAN2_RX0_IRQHandler                      0x08000d65   Thumb Code    42  can2.o(i.CAN2_RX0_IRQHandler)
    CAN2_TX_IRQHandler                       0x08000d95   Thumb Code    22  can2.o(i.CAN2_TX_IRQHandler)
    CAN_ClearFlag                            0x08000db1   Thumb Code    52  stm32f4xx_can.o(i.CAN_ClearFlag)
    CAN_ClearITPendingBit                    0x08000de9   Thumb Code   162  stm32f4xx_can.o(i.CAN_ClearITPendingBit)
    CAN_DeInit                               0x08000e91   Thumb Code    50  stm32f4xx_can.o(i.CAN_DeInit)
    CAN_FilterInit                           0x08000ec9   Thumb Code   258  stm32f4xx_can.o(i.CAN_FilterInit)
    CAN_GetITStatus                          0x08000fd1   Thumb Code   284  stm32f4xx_can.o(i.CAN_GetITStatus)
    CAN_ITConfig                             0x080010f1   Thumb Code    18  stm32f4xx_can.o(i.CAN_ITConfig)
    CAN_Init                                 0x08001103   Thumb Code   276  stm32f4xx_can.o(i.CAN_Init)
    CAN_Receive                              0x08001217   Thumb Code   240  stm32f4xx_can.o(i.CAN_Receive)
    CAN_StructInit                           0x08001307   Thumb Code    32  stm32f4xx_can.o(i.CAN_StructInit)
    CAN_Transmit                             0x08001327   Thumb Code   294  stm32f4xx_can.o(i.CAN_Transmit)
    CMControlLoop                            0x0800144d   Thumb Code  2516  speedtask.o(i.CMControlLoop)
    CameraKeyCtrl                            0x08001e39   Thumb Code     2  mousekeycontrol.o(i.CameraKeyCtrl)
    Camera_Mes_Process                       0x08001e3d   Thumb Code   632  usart2.o(i.Camera_Mes_Process)
    Can2_ReceiveMsgProcess                   0x080020f9   Thumb Code   938  canbustask.o(i.Can2_ReceiveMsgProcess)
    CanReceiveMsgProcess                     0x080024e5   Thumb Code   476  canbustask.o(i.CanReceiveMsgProcess)
    ChassisMotorInit                         0x080026ed   Thumb Code    28  controltask.o(i.ChassisMotorInit)
    Clear_Data                               0x0800272b   Thumb Code    22  usart2.o(i.Clear_Data)
    Control_Task                             0x08002741   Thumb Code   278  controltask.o(i.Control_Task)
    ControtLoopTaskInit                      0x0800287d   Thumb Code   126  controltask.o(i.ControtLoopTaskInit)
    CreateKalman                             0x08002939   Thumb Code    14  kalman.o(i.CreateKalman)
    DMA1_Stream6_IRQHandler                  0x08002949   Thumb Code    22  usart2.o(i.DMA1_Stream6_IRQHandler)
    DMA_ClearFlag                            0x08002969   Thumb Code    38  stm32f4xx_dma.o(i.DMA_ClearFlag)
    DMA_Cmd                                  0x0800299d   Thumb Code    22  stm32f4xx_dma.o(i.DMA_Cmd)
    DMA_DeInit                               0x080029b5   Thumb Code   324  stm32f4xx_dma.o(i.DMA_DeInit)
    DMA_DoubleBufferModeCmd                  0x08002b0d   Thumb Code    22  stm32f4xx_dma.o(i.DMA_DoubleBufferModeCmd)
    DMA_DoubleBufferModeConfig               0x08002b23   Thumb Code    24  stm32f4xx_dma.o(i.DMA_DoubleBufferModeConfig)
    DMA_GetCurrDataCounter                   0x08002b3b   Thumb Code     8  stm32f4xx_dma.o(i.DMA_GetCurrDataCounter)
    DMA_GetCurrentMemoryTarget               0x08002b43   Thumb Code    20  stm32f4xx_dma.o(i.DMA_GetCurrentMemoryTarget)
    DMA_GetFlagStatus                        0x08002b59   Thumb Code    54  stm32f4xx_dma.o(i.DMA_GetFlagStatus)
    DMA_Init                                 0x08002b9d   Thumb Code    82  stm32f4xx_dma.o(i.DMA_Init)
    DMA_StructInit                           0x08002bf5   Thumb Code    34  stm32f4xx_dma.o(i.DMA_StructInit)
    DafuKeyCtrl                              0x08002c19   Thumb Code    62  mousekeycontrol.o(i.DafuKeyCtrl)
    DebugMon_Handler                         0x08002c61   Thumb Code     2  stm32f4xx_it.o(i.DebugMon_Handler)
    FrictionKeyCtrl                          0x08002c65   Thumb Code   170  mousekeycontrol.o(i.FrictionKeyCtrl)
    GMYawControlLoop                         0x08002d2d   Thumb Code   148  speedtask.o(i.GMYawControlLoop)
    GPIO_Init                                0x08002ddd   Thumb Code   144  stm32f4xx_gpio.o(i.GPIO_Init)
    GPIO_PinAFConfig                         0x08002e6d   Thumb Code    70  stm32f4xx_gpio.o(i.GPIO_PinAFConfig)
    GPIO_SetBits                             0x08002eb3   Thumb Code     4  stm32f4xx_gpio.o(i.GPIO_SetBits)
    GPIO_StructInit                          0x08002eb7   Thumb Code    18  stm32f4xx_gpio.o(i.GPIO_StructInit)
    GetEncoderBias                           0x08002ec9   Thumb Code    20  encoder.o(i.GetEncoderBias)
    GetInputMode                             0x08002edd   Thumb Code     6  inputstate.o(i.GetInputMode)
    GetRemoteSwitchAction                    0x08002ee9   Thumb Code   120  remotecontrol.o(i.GetRemoteSwitchAction)
    GetS1InputMode                           0x08002f65   Thumb Code     6  inputstate.o(i.GetS1InputMode)
    GetWorkState                             0x08002f71   Thumb Code     6  workstate.o(i.GetWorkState)
    Get_CRC16_Check_Sum                      0x08002f7d   Thumb Code    46  crc.o(i.Get_CRC16_Check_Sum)
    Get_CRC8_Check_Sum                       0x08002fb1   Thumb Code    30  crc.o(i.Get_CRC8_Check_Sum)
    Get_Time_Micros                          0x08002fd5   Thumb Code     8  timer.o(i.Get_Time_Micros)
    GimbalYawControlModeSwitch               0x08002fdd   Thumb Code  2406  speedtask.o(i.GimbalYawControlModeSwitch)
    HardFault_Handler                        0x0800395d   Thumb Code     4  stm32f4xx_it.o(i.HardFault_Handler)
    HeatLoopControl                          0x08003961   Thumb Code    58  mousekeycontrol.o(i.HeatLoopControl)
    IMUDataProcess                           0x080039a1   Thumb Code   746  usart6.o(i.IMUDataProcess)
    InitKalman                               0x08003cdd   Thumb Code   150  kalman.o(i.InitKalman)
    MemManage_Handler                        0x08003d79   Thumb Code     4  stm32f4xx_it.o(i.MemManage_Handler)
    Motor_2310_EncoderProcess                0x08003d7d   Thumb Code   252  encoder.o(i.Motor_2310_EncoderProcess)
    Motor_3510_EncoderProcess                0x08003e91   Thumb Code   292  encoder.o(i.Motor_3510_EncoderProcess)
    Motor_6020_EncoderProcess                0x08003fcd   Thumb Code   324  encoder.o(i.Motor_6020_EncoderProcess)
    Motor_6623_EncoderProcess                0x08004121   Thumb Code   268  encoder.o(i.Motor_6623_EncoderProcess)
    MouseKeyControlProcess                   0x0800423d   Thumb Code  8580  mousekeycontrol.o(i.MouseKeyControlProcess)
    MouseShootControl                        0x0800640d   Thumb Code   178  mousekeycontrol.o(i.MouseShootControl)
    NMI_Handler                              0x080064dd   Thumb Code     2  stm32f4xx_it.o(i.NMI_Handler)
    NVIC_Init                                0x080064e1   Thumb Code   106  misc.o(i.NVIC_Init)
    NVIC_PriorityGroupConfig                 0x08006559   Thumb Code    10  misc.o(i.NVIC_PriorityGroupConfig)
    PIDparameterchange                       0x0800656d   Thumb Code  1408  speedtask.o(i.PIDparameterchange)
    PWM_Configuration                        0x08006b19   Thumb Code    62  gun.o(i.PWM_Configuration)
    PWM_Configuration_AUTO                   0x08006b61   Thumb Code   242  gun.o(i.PWM_Configuration_AUTO)
    Parameter_Transformation                 0x08006c59   Thumb Code   150  dataprocess.o(i.Parameter_Transformation)
    PendSV_Handler                           0x08006cf9   Thumb Code     2  stm32f4xx_it.o(i.PendSV_Handler)
    RCC_AHB1PeriphClockCmd                   0x08006cfd   Thumb Code    26  stm32f4xx_rcc.o(i.RCC_AHB1PeriphClockCmd)
    RCC_APB1PeriphClockCmd                   0x08006d1d   Thumb Code    26  stm32f4xx_rcc.o(i.RCC_APB1PeriphClockCmd)
    RCC_APB1PeriphResetCmd                   0x08006d3d   Thumb Code    26  stm32f4xx_rcc.o(i.RCC_APB1PeriphResetCmd)
    RCC_APB2PeriphClockCmd                   0x08006d5d   Thumb Code    26  stm32f4xx_rcc.o(i.RCC_APB2PeriphClockCmd)
    RCC_APB2PeriphResetCmd                   0x08006d7d   Thumb Code    26  stm32f4xx_rcc.o(i.RCC_APB2PeriphResetCmd)
    RCC_GetClocksFreq                        0x08006d9d   Thumb Code   214  stm32f4xx_rcc.o(i.RCC_GetClocksFreq)
    RemoteControlProcess                     0x08006e85   Thumb Code   884  remotecontrol.o(i.RemoteControlProcess)
    RemoteDataPrcess                         0x0800723d   Thumb Code   282  remotetask.o(i.RemoteDataPrcess)
    RemoteShootControl                       0x0800736d   Thumb Code   380  remotecontrol.o(i.RemoteShootControl)
    RemoteTaskInit                           0x08007519   Thumb Code   146  remotetask.o(i.RemoteTaskInit)
    RingBuffer_Read                          0x080075d9   Thumb Code    50  dataprocess.o(i.RingBuffer_Read)
    RingBuffer_Write                         0x08007611   Thumb Code    58  dataprocess.o(i.RingBuffer_Write)
    SVC_Handler                              0x08007651   Thumb Code     2  stm32f4xx_it.o(i.SVC_Handler)
    ServoKeyCtrl                             0x08007655   Thumb Code    78  mousekeycontrol.o(i.ServoKeyCtrl)
    SetFrictionState                         0x080076b1   Thumb Code     6  inputstate.o(i.SetFrictionState)
    SetGimbalMotorOutput                     0x080076bd   Thumb Code    80  speedtask.o(i.SetGimbalMotorOutput)
    SetInputMode                             0x0800771d   Thumb Code    36  inputstate.o(i.SetInputMode)
    SetS1InputMode                           0x08007745   Thumb Code    14  inputstate.o(i.SetS1InputMode)
    SetShootState                            0x0800775d   Thumb Code     6  inputstate.o(i.SetShootState)
    Set_CM_Speed                             0x08007889   Thumb Code   112  canbustask.o(i.Set_CM_Speed)
    Set_Gimbal_Current                       0x08007901   Thumb Code    92  canbustask.o(i.Set_Gimbal_Current)
    ShooterMControlLoop                      0x0800795d   Thumb Code   168  speedtask.o(i.ShooterMControlLoop)
    SuperiviseTask                           0x08007a19   Thumb Code   132  supervisetask.o(i.SuperiviseTask)
    Switch_GPIO_PinSource                    0x08007aa9   Thumb Code   190  gun.o(i.Switch_GPIO_PinSource)
    SysTick_Handler                          0x08007b67   Thumb Code     2  stm32f4xx_it.o(i.SysTick_Handler)
    SystemInit                               0x08007b69   Thumb Code    88  system_stm32f4xx.o(i.SystemInit)
    TIM2_Configuration                       0x08007bd1   Thumb Code    60  timer.o(i.TIM2_Configuration)
    TIM2_IRQHandler                          0x08007c0d   Thumb Code    30  timer.o(i.TIM2_IRQHandler)
    TIM6_Configuration                       0x08007c2d   Thumb Code    70  timer.o(i.TIM6_Configuration)
    TIM6_DAC_IRQHandler                      0x08007c79   Thumb Code    34  timer.o(i.TIM6_DAC_IRQHandler)
    TIM6_Start                               0x08007ca1   Thumb Code    30  timer.o(i.TIM6_Start)
    TIM_ARRPreloadConfig                     0x08007cc5   Thumb Code    24  stm32f4xx_tim.o(i.TIM_ARRPreloadConfig)
    TIM_ClearFlag                            0x08007cdd   Thumb Code     6  stm32f4xx_tim.o(i.TIM_ClearFlag)
    TIM_ClearITPendingBit                    0x08007ce3   Thumb Code     6  stm32f4xx_tim.o(i.TIM_ClearITPendingBit)
    TIM_Cmd                                  0x08007ce9   Thumb Code    24  stm32f4xx_tim.o(i.TIM_Cmd)
    TIM_CtrlPWMOutputs                       0x08007d01   Thumb Code    30  stm32f4xx_tim.o(i.TIM_CtrlPWMOutputs)
    TIM_GetITStatus                          0x08007d1f   Thumb Code    34  stm32f4xx_tim.o(i.TIM_GetITStatus)
    TIM_ITConfig                             0x08007d41   Thumb Code    18  stm32f4xx_tim.o(i.TIM_ITConfig)
    TIM_OC1Init                              0x08007d55   Thumb Code   114  stm32f4xx_tim.o(i.TIM_OC1Init)
    TIM_OC2Init                              0x08007dd1   Thumb Code   154  stm32f4xx_tim.o(i.TIM_OC2Init)
    TIM_OC3Init                              0x08007e75   Thumb Code   150  stm32f4xx_tim.o(i.TIM_OC3Init)
    TIM_OC4Init                              0x08007f15   Thumb Code   112  stm32f4xx_tim.o(i.TIM_OC4Init)
    TIM_SetCompare1                          0x08007f8d   Thumb Code     4  stm32f4xx_tim.o(i.TIM_SetCompare1)
    TIM_TimeBaseInit                         0x08007f91   Thumb Code   104  stm32f4xx_tim.o(i.TIM_TimeBaseInit)
    UART3_PrintBlock1                        0x08008015   Thumb Code    42  usart3.o(i.UART3_PrintBlock1)
    UART7_IRQHandler                         0x08008049   Thumb Code   120  usart7.o(i.UART7_IRQHandler)
    USART1_Configuration                     0x080080d5   Thumb Code   300  usart1.o(i.USART1_Configuration)
    USART1_IRQHandler                        0x08008215   Thumb Code   172  usart1.o(i.USART1_IRQHandler)
    USART2_IRQHandler                        0x080082d5   Thumb Code   204  usart2.o(i.USART2_IRQHandler)
    USART3_IRQHandler                        0x080083b5   Thumb Code   526  usart3.o(i.USART3_IRQHandler)
    USART3_Init                              0x080085f9   Thumb Code   306  usart3.o(i.USART3_Init)
    USART6_Configuration                     0x0800873d   Thumb Code   288  usart6.o(i.USART6_Configuration)
    USART6_IRQHandler                        0x0800886d   Thumb Code   168  usart6.o(i.USART6_IRQHandler)
    USART7_Configuration                     0x08008925   Thumb Code   168  usart7.o(i.USART7_Configuration)
    USART_ClearFlag                          0x080089d5   Thumb Code    18  stm32f4xx_usart.o(i.USART_ClearFlag)
    USART_Cmd                                0x080089e7   Thumb Code    24  stm32f4xx_usart.o(i.USART_Cmd)
    USART_DMACmd                             0x080089ff   Thumb Code    18  stm32f4xx_usart.o(i.USART_DMACmd)
    USART_DeInit                             0x08008a11   Thumb Code   206  stm32f4xx_usart.o(i.USART_DeInit)
    USART_GetFlagStatus                      0x08008b01   Thumb Code    26  stm32f4xx_usart.o(i.USART_GetFlagStatus)
    USART_GetITStatus                        0x08008b1b   Thumb Code    84  stm32f4xx_usart.o(i.USART_GetITStatus)
    USART_ITConfig                           0x08008b6f   Thumb Code    74  stm32f4xx_usart.o(i.USART_ITConfig)
    USART_Init                               0x08008bb9   Thumb Code   204  stm32f4xx_usart.o(i.USART_Init)
    USART_ReceiveData                        0x08008c8d   Thumb Code    10  stm32f4xx_usart.o(i.USART_ReceiveData)
    USART_SendData                           0x08008c97   Thumb Code     8  stm32f4xx_usart.o(i.USART_SendData)
    USART_StructInit                         0x08008c9f   Thumb Code    24  stm32f4xx_usart.o(i.USART_StructInit)
    UsageFault_Handler                       0x08008cb7   Thumb Code     4  stm32f4xx_it.o(i.UsageFault_Handler)
    WWDG_SetCounter                          0x08008cbd   Thumb Code    10  stm32f4xx_wwdg.o(i.WWDG_SetCounter)
    WorkStateFSM                             0x08008ccd   Thumb Code   204  workstate.o(i.WorkStateFSM)
    WorkStateSwitchProcess                   0x08008db1   Thumb Code    34  workstate.o(i.WorkStateSwitchProcess)
    XTLKeyCtrl                               0x08008ddd   Thumb Code   208  mousekeycontrol.o(i.XTLKeyCtrl)
    __ARM_fpclassify                         0x08008ec9   Thumb Code    48  fpclassify.o(i.__ARM_fpclassify)
    __hardfp_cos                             0x08008ef9   Thumb Code   180  cos.o(i.__hardfp_cos)
    __hardfp_fabs                            0x08008fc1   Thumb Code    20  fabs.o(i.__hardfp_fabs)
    __hardfp_ldexp                           0x08008fd9   Thumb Code   200  ldexp.o(i.__hardfp_ldexp)
    __hardfp_sin                             0x080090a9   Thumb Code   180  sin.o(i.__hardfp_sin)
    __ieee754_rem_pio2                       0x08009171   Thumb Code   938  rred.o(i.__ieee754_rem_pio2)
    __kernel_cos                             0x080095a9   Thumb Code   322  cos_i.o(i.__kernel_cos)
    __kernel_poly                            0x08009719   Thumb Code   248  poly.o(i.__kernel_poly)
    __kernel_sin                             0x08009811   Thumb Code   280  sin_i.o(i.__kernel_sin)
    __mathlib_dbl_infnan                     0x08009941   Thumb Code    20  dunder.o(i.__mathlib_dbl_infnan)
    __mathlib_dbl_invalid                    0x08009959   Thumb Code    24  dunder.o(i.__mathlib_dbl_invalid)
    __mathlib_dbl_overflow                   0x08009979   Thumb Code    24  dunder.o(i.__mathlib_dbl_overflow)
    __mathlib_dbl_underflow                  0x08009999   Thumb Code    24  dunder.o(i.__mathlib_dbl_underflow)
    __scatterload_copy                       0x080099b9   Thumb Code    14  handlers.o(i.__scatterload_copy)
    __scatterload_null                       0x080099c7   Thumb Code     2  handlers.o(i.__scatterload_null)
    __scatterload_zeroinit                   0x080099c9   Thumb Code    14  handlers.o(i.__scatterload_zeroinit)
    __set_errno                              0x080099d9   Thumb Code     6  errno.o(i.__set_errno)
    data_pack_handle                         0x080099e5   Thumb Code    68  crc.o(i.data_pack_handle)
    delay_ms                                 0x08009a2d   Thumb Code    28  delay.o(i.delay_ms)
    engineerpower_Init                       0x08009a49   Thumb Code    56  controltask.o(i.engineerpower_Init)
    fabs                                     0x08009a85   Thumb Code    24  fabs.o(i.fabs)
    frictionwheelmotor                       0x08009a9d   Thumb Code   168  speedtask.o(i.frictionwheelmotor)
    getRobotPowerHeat                        0x08009b5d   Thumb Code   106  dataprocess.o(i.getRobotPowerHeat)
    getRobotShootData                        0x08009bd5   Thumb Code    98  dataprocess.o(i.getRobotShootData)
    getRobotState                            0x08009c45   Thumb Code    78  dataprocess.o(i.getRobotState)
    getdistancemode                          0x08009ca1   Thumb Code     6  speedtask.o(i.getdistancemode)
    include_round_engle                      0x08009cad   Thumb Code   156  canbustask.o(i.include_round_engle)
    laser_configuration                      0x08009d55   Thumb Code    54  bsp.o(i.laser_configuration)
    laser_on                                 0x08009d91   Thumb Code    14  bsp.o(i.laser_on)
    main                                     0x08009da5   Thumb Code    62  main.o(i.main)
    setdistancemode                          0x08009de9   Thumb Code    74  speedtask.o(i.setdistancemode)
    usart2_Init                              0x08009e3d   Thumb Code   310  usart2.o(i.usart2_Init)
    user_data_handle                         0x08009f85   Thumb Code   242  dataprocess.o(i.user_data_handle)
    CRC8_TAB                                 0x0800a0a4   Data         256  crc.o(.constdata)
    wCRC_Table                               0x0800a1a4   Data         512  crc.o(.constdata)
    Region$$Table$$Base                      0x0800a540   Number         0  anon$$obj.o(Region$$Table)
    Region$$Table$$Limit                     0x0800a560   Number         0  anon$$obj.o(Region$$Table)
    CRC8_Ref_Value                           0x20000000   Data           1  usart3.o(.data)
    CRC8_Solve_Value                         0x20000001   Data           1  usart3.o(.data)
    CRC16_Ref_Value                          0x20000002   Data           2  usart3.o(.data)
    CRC16_Solve_Value                        0x20000004   Data           2  usart3.o(.data)
    data_Length                              0x20000006   Data           2  usart3.o(.data)
    Tail_Over_Zero_Value                     0x20000008   Data           2  usart3.o(.data)
    Head_Over_Zero_Value                     0x2000000a   Data           2  usart3.o(.data)
    UART_TranFifo                            0x2000000c   Data           4  usart3.o(.data)
    cou                                      0x20000014   Data           4  main.o(.data)
    i                                        0x20000018   Data           4  main.o(.data)
    remote_error_time                        0x2000001c   Data           4  usart1.o(.data)
    __stdout                                 0x20000024   Data           4  usart2.o(.data)
    USART2_RX_STA                            0x20000028   Data           2  usart2.o(.data)
    V_SPEED                                  0x2000002c   Data           4  usart2.o(.data)
    camera_pitch                             0x20000030   Data           4  usart2.o(.data)
    camera_yaw                               0x20000034   Data           4  usart2.o(.data)
    camera_yaw_JSCOPE                        0x20000038   Data           4  usart2.o(.data)
    camera_pitch_JSCOPE                      0x2000003c   Data           4  usart2.o(.data)
    CM_camera_yaw                            0x20000040   Data           4  usart2.o(.data)
    CM_camera_pitch                          0x20000044   Data           4  usart2.o(.data)
    stopSendFlag                             0x20000048   Data           1  usart2.o(.data)
    last_ChariotRecognition_pitch            0x2000004c   Data           4  usart2.o(.data)
    error_add_average                        0x20000050   Data           4  usart2.o(.data)
    last_camera_yaw                          0x20000054   Data           4  usart2.o(.data)
    YawCurrentPositionSave                   0x20000058   Data           4  usart2.o(.data)
    PitchCurrentPositionSave                 0x2000005c   Data           4  usart2.o(.data)
    distance                                 0x20000060   Data           4  usart2.o(.data)
    recognize_flag                           0x20000064   Data           1  usart2.o(.data)
    enter_CNT                                0x20000065   Data           1  usart2.o(.data)
    CR_yaw_Angle_Index                       0x20000066   Data           1  usart2.o(.data)
    CR_yaw_Angle_CNT                         0x20000067   Data           1  usart2.o(.data)
    loop_j                                   0x20000068   Data           1  usart2.o(.data)
    Identify_data                            0x2000006a   Data           6  usart2.o(.data)
    CM_cameradata                            0x20000070   Data           6  usart2.o(.data)
    lastActionFlag                           0x20000076   Data           2  usart2.o(.data)
    thisActionFlag                           0x20000078   Data           2  usart2.o(.data)
    CM_lostcount                             0x2000007c   Data           4  usart2.o(.data)
    camera_yaw_add                           0x20000080   Data           4  usart2.o(.data)
    sendflag                                 0x20000088   Data           4  usart6.o(.data)
    Angles                                   0x2000008c   Data           4  usart6.o(.data)
    Gyro                                     0x20000090   Data           6  usart6.o(.data)
    p                                        0x20000096   Data           2  usart6.o(.data)
    y                                        0x20000098   Data           2  usart6.o(.data)
    h                                        0x2000009c   Data           4  usart6.o(.data)
    time_tick_1ms                            0x200000b0   Data           4  controltask.o(.data)
    GMPitchRamp                              0x200000b4   Data          36  controltask.o(.data)
    GMYawRamp                                0x200000d8   Data          36  controltask.o(.data)
    MotorRotateRamp                          0x200000fc   Data          36  controltask.o(.data)
    GMPPositionPID                           0x20000120   Data         700  controltask.o(.data)
    GMPSpeedPID                              0x200003dc   Data         700  controltask.o(.data)
    GMYPositionPID                           0x20000698   Data         700  controltask.o(.data)
    GMYSpeedPID                              0x20000954   Data         700  controltask.o(.data)
    CMRotatePID                              0x20000c10   Data         700  controltask.o(.data)
    CM1SpeedPID                              0x20000ecc   Data         700  controltask.o(.data)
    CM2SpeedPID                              0x20001188   Data         700  controltask.o(.data)
    CM3SpeedPID                              0x20001444   Data         700  controltask.o(.data)
    CM4SpeedPID                              0x20001700   Data         700  controltask.o(.data)
    ShootMotorPositionPID                    0x200019bc   Data         700  controltask.o(.data)
    ShootMotorSpeedPID                       0x20001c78   Data         700  controltask.o(.data)
    Speed_Offset                             0x20001f34   Data         700  controltask.o(.data)
    CAN2_CM1SpeedPID                         0x200021f0   Data         700  controltask.o(.data)
    CAN2_CM1PositionPID                      0x200024ac   Data         700  controltask.o(.data)
    CAN2_CM2SpeedPID                         0x20002768   Data         700  controltask.o(.data)
    CAN2_CM2PositionPID                      0x20002a24   Data         700  controltask.o(.data)
    recieve                                  0x20002ce0   Data           4  usart7.o(.data)
    buff                                     0x20002ce4   Data           5  usart7.o(.data)
    jiesuan_data                             0x20002cea   Data           6  usart7.o(.data)
    shu                                      0x20002cf0   Data           4  usart7.o(.data)
    pitchCameraOffset                        0x20002cfc   Data           4  speedtask.o(.data)
    yawCameraOffset                          0x20002d00   Data           4  speedtask.o(.data)
    lastYawAngle                             0x20002d04   Data           4  speedtask.o(.data)
    lastpitchangle                           0x20002d08   Data           4  speedtask.o(.data)
    preparepitchangle                        0x20002d0c   Data           4  speedtask.o(.data)
    lasts1_state                             0x20002d10   Data           1  speedtask.o(.data)
    distance_choice                          0x20002d11   Data           1  speedtask.o(.data)
    rotateCnt                                0x20002d12   Data           2  speedtask.o(.data)
    cnt1                                     0x20002d14   Data           4  speedtask.o(.data)
    cnt2                                     0x20002d18   Data           4  speedtask.o(.data)
    count1                                   0x20002d1c   Data           4  speedtask.o(.data)
    no_count                                 0x20002d20   Data           4  speedtask.o(.data)
    now_eular                                0x20002d24   Data           4  speedtask.o(.data)
    first_rec_count                          0x20002d28   Data           4  speedtask.o(.data)
    temp_yaw                                 0x20002d2c   Data           4  speedtask.o(.data)
    temp_GYROYAW                             0x20002d30   Data           4  speedtask.o(.data)
    temp_GYROPITCH                           0x20002d34   Data           4  speedtask.o(.data)
    last_ref                                 0x20002d38   Data           4  speedtask.o(.data)
    round_count                              0x20002d3c   Data           4  speedtask.o(.data)
    count_temp1                              0x20002d40   Data           1  speedtask.o(.data)
    count_temp                               0x20002d42   Data           2  speedtask.o(.data)
    Jscope_A                                 0x20002d44   Data           4  speedtask.o(.data)
    Jscope_B                                 0x20002d48   Data           4  speedtask.o(.data)
    Jscope_C                                 0x20002d4c   Data           4  speedtask.o(.data)
    Jscope_D                                 0x20002d50   Data           4  speedtask.o(.data)
    Jscope_E                                 0x20002d54   Data           4  speedtask.o(.data)
    lastWorkState                            0x20002d58   Data           1  workstate.o(.data)
    workState                                0x20002d59   Data           1  workstate.o(.data)
    camera_temp                              0x20002d5a   Data           1  workstate.o(.data)
    dafu_temp                                0x20002d5b   Data           1  workstate.o(.data)
    cat_temp                                 0x20002d5c   Data           1  workstate.o(.data)
    flag_prepare_ready                       0x20002d60   Data           4  workstate.o(.data)
    flag_Dafu_fromsight                      0x20002d64   Data           4  workstate.o(.data)
    pitch_ecd_bias                           0x20002d70   Data           2  canbustask.o(.data)
    yaw_ecd_bias                             0x20002d72   Data           2  canbustask.o(.data)
    count                                    0x20002d74   Data           4  canbustask.o(.data)
    Rotate_Quater_L                          0x20002d78   Data           8  mousekeycontrol.o(.data)
    Rotate_Quater_R                          0x20002d80   Data           8  mousekeycontrol.o(.data)
    cameraKey                                0x20002d88   Data           8  mousekeycontrol.o(.data)
    dafuKey                                  0x20002d90   Data           8  mousekeycontrol.o(.data)
    servoKey                                 0x20002d98   Data           8  mousekeycontrol.o(.data)
    frictionKey                              0x20002da0   Data           8  mousekeycontrol.o(.data)
    heatLoopKey                              0x20002da8   Data           8  mousekeycontrol.o(.data)
    sendMainfoldDataKey                      0x20002db0   Data           8  mousekeycontrol.o(.data)
    xtl                                      0x20002db8   Data           8  mousekeycontrol.o(.data)
    MouseChangeCnt                           0x20002dc0   Data           2  mousekeycontrol.o(.data)
    DelayCount                               0x20002dc2   Data           2  mousekeycontrol.o(.data)
    mouseLeftPress                           0x20002dc4   Data           1  mousekeycontrol.o(.data)
    continuous_shoot_Flag                    0x20002dc5   Data           1  mousekeycontrol.o(.data)
    quickShootFlag                           0x20002dc6   Data           1  mousekeycontrol.o(.data)
    servoPositionFlag                        0x20002dc7   Data           1  mousekeycontrol.o(.data)
    sendCustomDataFlag                       0x20002dc8   Data           1  mousekeycontrol.o(.data)
    predictflag                              0x20002dc9   Data           1  mousekeycontrol.o(.data)
    kp                                       0x20002dcc   Data           4  mousekeycontrol.o(.data)
    ChassisSpeedRef                          0x20002dd4   Data           6  remotetask.o(.data)
    Speed_Friction1                          0x20002dda   Data           2  remotetask.o(.data)
    Speed_Friction2                          0x20002ddc   Data           2  remotetask.o(.data)
    frictionRamp                             0x20002de0   Data          36  remotetask.o(.data)
    MouseXSpeedRamp                          0x20002e04   Data          36  remotetask.o(.data)
    MouseYSpeedRamp                          0x20002e28   Data          36  remotetask.o(.data)
    catGimbalCount                           0x20002e4c   Data          36  remotetask.o(.data)
    LRSpeedRamp                              0x20002e70   Data          36  remotetask.o(.data)
    FBSpeedRamp                              0x20002e94   Data          36  remotetask.o(.data)
    RoSpeedRamp                              0x20002eb8   Data          36  remotetask.o(.data)
    shootState                               0x20002edd   Data           1  inputstate.o(.data)
    friction_wheel_state                     0x20002edf   Data           1  inputstate.o(.data)
    xtl_state                                0x20002ee0   Data           1  inputstate.o(.data)
    dafuKey_R                                0x20002ee4   Data           8  remotecontrol.o(.data)
    wwdg_flag                                0x20002ef0   Data           2  supervisetask.o(.data)
    robotHurt                                0x20002ef4   Data           2  dataprocess.o(.data)
    robotShootData                           0x20002ef6   Data           6  dataprocess.o(.data)
    chassisPowerError                        0x20002efc   Data           4  dataprocess.o(.data)
    lastChassisPower                         0x20002f00   Data           4  dataprocess.o(.data)
    chassisPowerBuffer                       0x20002f04   Data           4  dataprocess.o(.data)
    Heat17_Max                               0x20002f08   Data           2  dataprocess.o(.data)
    bulletCounter                            0x20002f0a   Data           2  dataprocess.o(.data)
    user_float1                              0x20002f0c   Data           4  dataprocess.o(.data)
    user_float2                              0x20002f10   Data           4  dataprocess.o(.data)
    user_float3                              0x20002f14   Data           4  dataprocess.o(.data)
    icnt                                     0x20002f18   Data           4  dataprocess.o(.data)
    CRC8_INIT                                0x20002f20   Data           1  crc.o(.data)
    CRC_INIT                                 0x20002f22   Data           2  crc.o(.data)
    USART3_DMA1_RX_BUF                       0x20002f38   Data         216  usart3.o(.bss)
    Save_Element_Array                       0x20003010   Data          30  usart3.o(.bss)
    system_micrsecond                        0x2000302e   Data          13  timer.o(.bss)
    shot_frequency_limt                      0x2000303b   Data          13  timer.o(.bss)
    remote_micrsecond                        0x20003048   Data          13  timer.o(.bss)
    mpu6050_micrsecond                       0x20003055   Data          13  timer.o(.bss)
    SendData_Delay_Time                      0x20003062   Data          13  timer.o(.bss)
    Encoder_Delay_Time                       0x2000306f   Data          13  timer.o(.bss)
    USART2_TX_BUF                            0x200030b8   Data         400  usart2.o(.bss)
    USART2_RX_BUF                            0x20003248   Data         400  usart2.o(.bss)
    sendbuf                                  0x200033d8   Data          20  usart2.o(.bss)
    CR_ringBuffer                            0x20003400   Data          64  usart2.o(.bss)
    CR_yaw_Angle                             0x20003440   Data          80  usart2.o(.bss)
    angle                                    0x20003520   Data          12  usart6.o(.bss)
    Eular                                    0x2000352c   Data          12  usart6.o(.bss)
    CM1Encoder                               0x20003538   Data          88  canbustask.o(.bss)
    CM2Encoder                               0x20003590   Data          88  canbustask.o(.bss)
    CM3Encoder                               0x200035e8   Data          88  canbustask.o(.bss)
    CM4Encoder                               0x20003640   Data          88  canbustask.o(.bss)
    GMYawEncoder                             0x20003698   Data          88  canbustask.o(.bss)
    GMPitchEncoder                           0x200036f0   Data          88  canbustask.o(.bss)
    CM7Encoder                               0x20003748   Data          88  canbustask.o(.bss)
    CAN2_CM1Encoder                          0x200037a0   Data          88  canbustask.o(.bss)
    CAN2_CM2Encoder                          0x200037f8   Data          88  canbustask.o(.bss)
    CAN2_CM5Encoder                          0x20003850   Data          88  canbustask.o(.bss)
    CAN2_CM7Encoder                          0x200038a8   Data          88  canbustask.o(.bss)
    rm_imu_data                              0x20003900   Data         156  canbustask.o(.bss)
    GimbalRef                                0x2000399c   Data          28  remotetask.o(.bss)
    RC_CtrlData                              0x200039b8   Data          22  remotetask.o(.bss)
    GameInformationData                      0x200039ce   Data          44  remotetask.o(.bss)
    robotState                               0x20003a11   Data           9  dataprocess.o(.bss)
    robotPowerHeat                           0x20003a1a   Data          14  dataprocess.o(.bss)
    buffer                                   0x20003a28   Data         108  dataprocess.o(.bss)
    user_data                                0x20003a94   Data          19  dataprocess.o(.bss)
    test                                     0x20003aa7   Data          14  dataprocess.o(.bss)
    computer_tx_buf                          0x20003ab5   Data          28  crc.o(.bss)
    KALMAN1                                  0x20003ad8   Data        4904  kalman.o(.bss)
    __initial_sp                             0x20005e00   Data           0  startup_stm32f427xx.o(STACK)



==============================================================================

Memory Map of the image

  Image Entry point : 0x080001ad

  Load Region LR_IROM1 (Base: 0x08000000, Size: 0x0000d498, Max: 0x00200000, ABSOLUTE, COMPRESSED[0x0000a7f0])

    Execution Region ER_IROM1 (Base: 0x08000000, Size: 0x0000a560, Max: 0x00200000, ABSOLUTE)

    Base Addr    Size         Type   Attr      Idx    E Section Name        Object

    0x08000000   0x000001ac   Data   RO         4717    RESET               startup_stm32f427xx.o
    0x080001ac   0x00000000   Code   RO         5513  * .ARM.Collect$$$$00000000  mc_w.l(entry.o)
    0x080001ac   0x00000004   Code   RO         5601    .ARM.Collect$$$$00000001  mc_w.l(entry2.o)
    0x080001b0   0x00000004   Code   RO         5604    .ARM.Collect$$$$00000004  mc_w.l(entry5.o)
    0x080001b4   0x00000000   Code   RO         5606    .ARM.Collect$$$$00000008  mc_w.l(entry7b.o)
    0x080001b4   0x00000000   Code   RO         5608    .ARM.Collect$$$$0000000A  mc_w.l(entry8b.o)
    0x080001b4   0x00000008   Code   RO         5609    .ARM.Collect$$$$0000000B  mc_w.l(entry9a.o)
    0x080001bc   0x00000000   Code   RO         5611    .ARM.Collect$$$$0000000D  mc_w.l(entry10a.o)
    0x080001bc   0x00000000   Code   RO         5613    .ARM.Collect$$$$0000000F  mc_w.l(entry11a.o)
    0x080001bc   0x00000004   Code   RO         5602    .ARM.Collect$$$$00002712  mc_w.l(entry2.o)
    0x080001c0   0x00000024   Code   RO         4718    .text               startup_stm32f427xx.o
    0x080001e4   0x00000070   Code   RO         5094    .text               RMLib.lib(ramp.o)
    0x08000254   0x00000120   Code   RO         5286    .text               RMLib.lib(pid_regulator.o)
    0x08000374   0x00000024   Code   RO         5516    .text               mc_w.l(memcpya.o)
    0x08000398   0x00000024   Code   RO         5518    .text               mc_w.l(memseta.o)
    0x080003bc   0x0000014e   Code   RO         5550    .text               mf_w.l(dadd.o)
    0x0800050a   0x000000e4   Code   RO         5552    .text               mf_w.l(dmul.o)
    0x080005ee   0x000000de   Code   RO         5554    .text               mf_w.l(ddiv.o)
    0x080006cc   0x00000022   Code   RO         5558    .text               mf_w.l(dflti.o)
    0x080006ee   0x0000001a   Code   RO         5560    .text               mf_w.l(dfltui.o)
    0x08000708   0x0000003e   Code   RO         5562    .text               mf_w.l(dfixi.o)
    0x08000746   0x00000026   Code   RO         5564    .text               mf_w.l(f2d.o)
    0x0800076c   0x00000030   Code   RO         5566    .text               mf_w.l(cdcmple.o)
    0x0800079c   0x00000030   Code   RO         5568    .text               mf_w.l(cdrcmple.o)
    0x080007cc   0x00000038   Code   RO         5570    .text               mf_w.l(d2f.o)
    0x08000804   0x0000001e   Code   RO         5615    .text               mc_w.l(llshl.o)
    0x08000822   0x00000020   Code   RO         5617    .text               mc_w.l(llushr.o)
    0x08000842   0x00000024   Code   RO         5619    .text               mc_w.l(llsshr.o)
    0x08000866   0x00000000   Code   RO         5630    .text               mc_w.l(iusefp.o)
    0x08000866   0x0000006e   Code   RO         5631    .text               mf_w.l(fepilogue.o)
    0x080008d4   0x000000ba   Code   RO         5633    .text               mf_w.l(depilogue.o)
    0x0800098e   0x0000002e   Code   RO         5635    .text               mf_w.l(dscalb.o)
    0x080009bc   0x00000024   Code   RO         5645    .text               mc_w.l(init.o)
    0x080009e0   0x00000056   Code   RO         5655    .text               mc_w.l(__dczerorl2.o)
    0x08000a36   0x00000002   PAD
    0x08000a38   0x00000030   Code   RO         1531    i.Append_CRC16_Check_Sum  crc.o
    0x08000a68   0x0000002c   Code   RO         1532    i.Append_CRC8_Check_Sum  crc.o
    0x08000a94   0x0000004c   Code   RO          360    i.BSP_Init          bsp.o
    0x08000ae0   0x00000004   Code   RO            3    i.BusFault_Handler  stm32f4xx_it.o
    0x08000ae4   0x0000010c   Code   RO          434    i.CAN1_Configuration  can1.o
    0x08000bf0   0x0000003c   Code   RO          435    i.CAN1_RX0_IRQHandler  can1.o
    0x08000c2c   0x0000001c   Code   RO          436    i.CAN1_TX_IRQHandler  can1.o
    0x08000c48   0x0000011c   Code   RO          466    i.CAN2_Configuration  can2.o
    0x08000d64   0x00000030   Code   RO          467    i.CAN2_RX0_IRQHandler  can2.o
    0x08000d94   0x0000001c   Code   RO          468    i.CAN2_TX_IRQHandler  can2.o
    0x08000db0   0x00000038   Code   RO         1632    i.CAN_ClearFlag     stm32f4xx_can.o
    0x08000de8   0x000000a8   Code   RO         1633    i.CAN_ClearITPendingBit  stm32f4xx_can.o
    0x08000e90   0x00000038   Code   RO         1635    i.CAN_DeInit        stm32f4xx_can.o
    0x08000ec8   0x00000108   Code   RO         1637    i.CAN_FilterInit    stm32f4xx_can.o
    0x08000fd0   0x00000120   Code   RO         1639    i.CAN_GetITStatus   stm32f4xx_can.o
    0x080010f0   0x00000012   Code   RO         1643    i.CAN_ITConfig      stm32f4xx_can.o
    0x08001102   0x00000114   Code   RO         1644    i.CAN_Init          stm32f4xx_can.o
    0x08001216   0x000000f0   Code   RO         1647    i.CAN_Receive       stm32f4xx_can.o
    0x08001306   0x00000020   Code   RO         1650    i.CAN_StructInit    stm32f4xx_can.o
    0x08001326   0x00000126   Code   RO         1652    i.CAN_Transmit      stm32f4xx_can.o
    0x0800144c   0x000009ec   Code   RO          894    i.CMControlLoop     speedtask.o
    0x08001e38   0x00000002   Code   RO         1147    i.CameraKeyCtrl     mousekeycontrol.o
    0x08001e3a   0x00000002   PAD
    0x08001e3c   0x000002bc   Code   RO          685    i.Camera_Mes_Process  usart2.o
    0x080020f8   0x000003ec   Code   RO         1042    i.Can2_ReceiveMsgProcess  canbustask.o
    0x080024e4   0x00000208   Code   RO         1043    i.CanReceiveMsgProcess  canbustask.o
    0x080026ec   0x0000002c   Code   RO          809    i.ChassisMotorInit  controltask.o
    0x08002718   0x00000012   Code   RO         1655    i.CheckITStatus     stm32f4xx_can.o
    0x0800272a   0x00000016   Code   RO          686    i.Clear_Data        usart2.o
    0x08002740   0x0000013c   Code   RO          810    i.Control_Task      controltask.o
    0x0800287c   0x000000bc   Code   RO          811    i.ControtLoopTaskInit  controltask.o
    0x08002938   0x0000000e   Code   RO         4722    i.CreateKalman      kalman.o
    0x08002946   0x00000002   PAD
    0x08002948   0x00000020   Code   RO          687    i.DMA1_Stream6_IRQHandler  usart2.o
    0x08002968   0x00000034   Code   RO         1972    i.DMA_ClearFlag     stm32f4xx_dma.o
    0x0800299c   0x00000016   Code   RO         1974    i.DMA_Cmd           stm32f4xx_dma.o
    0x080029b2   0x00000002   PAD
    0x080029b4   0x00000158   Code   RO         1975    i.DMA_DeInit        stm32f4xx_dma.o
    0x08002b0c   0x00000016   Code   RO         1976    i.DMA_DoubleBufferModeCmd  stm32f4xx_dma.o
    0x08002b22   0x00000018   Code   RO         1977    i.DMA_DoubleBufferModeConfig  stm32f4xx_dma.o
    0x08002b3a   0x00000008   Code   RO         1980    i.DMA_GetCurrDataCounter  stm32f4xx_dma.o
    0x08002b42   0x00000014   Code   RO         1981    i.DMA_GetCurrentMemoryTarget  stm32f4xx_dma.o
    0x08002b56   0x00000002   PAD
    0x08002b58   0x00000044   Code   RO         1983    i.DMA_GetFlagStatus  stm32f4xx_dma.o
    0x08002b9c   0x00000058   Code   RO         1986    i.DMA_Init          stm32f4xx_dma.o
    0x08002bf4   0x00000022   Code   RO         1990    i.DMA_StructInit    stm32f4xx_dma.o
    0x08002c16   0x00000002   PAD
    0x08002c18   0x00000048   Code   RO         1148    i.DafuKeyCtrl       mousekeycontrol.o
    0x08002c60   0x00000002   Code   RO            4    i.DebugMon_Handler  stm32f4xx_it.o
    0x08002c62   0x00000002   PAD
    0x08002c64   0x000000c8   Code   RO         1149    i.FrictionKeyCtrl   mousekeycontrol.o
    0x08002d2c   0x000000b0   Code   RO          896    i.GMYawControlLoop  speedtask.o
    0x08002ddc   0x00000090   Code   RO         2545    i.GPIO_Init         stm32f4xx_gpio.o
    0x08002e6c   0x00000046   Code   RO         2546    i.GPIO_PinAFConfig  stm32f4xx_gpio.o
    0x08002eb2   0x00000004   Code   RO         2553    i.GPIO_SetBits      stm32f4xx_gpio.o
    0x08002eb6   0x00000012   Code   RO         2554    i.GPIO_StructInit   stm32f4xx_gpio.o
    0x08002ec8   0x00000014   Code   RO         1103    i.GetEncoderBias    encoder.o
    0x08002edc   0x0000000c   Code   RO         1274    i.GetInputMode      inputstate.o
    0x08002ee8   0x0000007c   Code   RO         1349    i.GetRemoteSwitchAction  remotecontrol.o
    0x08002f64   0x0000000c   Code   RO         1275    i.GetS1InputMode    inputstate.o
    0x08002f70   0x0000000c   Code   RO          987    i.GetWorkState      workstate.o
    0x08002f7c   0x00000034   Code   RO         1533    i.Get_CRC16_Check_Sum  crc.o
    0x08002fb0   0x00000024   Code   RO         1534    i.Get_CRC8_Check_Sum  crc.o
    0x08002fd4   0x00000008   Code   RO          563    i.Get_Time_Micros   timer.o
    0x08002fdc   0x00000980   Code   RO          897    i.GimbalYawControlModeSwitch  speedtask.o
    0x0800395c   0x00000004   Code   RO            5    i.HardFault_Handler  stm32f4xx_it.o
    0x08003960   0x00000040   Code   RO         1150    i.HeatLoopControl   mousekeycontrol.o
    0x080039a0   0x0000033c   Code   RO          764    i.IMUDataProcess    usart6.o
    0x08003cdc   0x0000009c   Code   RO         4723    i.InitKalman        kalman.o
    0x08003d78   0x00000004   Code   RO            6    i.MemManage_Handler  stm32f4xx_it.o
    0x08003d7c   0x00000114   Code   RO         1104    i.Motor_2310_EncoderProcess  encoder.o
    0x08003e90   0x0000013c   Code   RO         1105    i.Motor_3510_EncoderProcess  encoder.o
    0x08003fcc   0x00000154   Code   RO         1106    i.Motor_6020_EncoderProcess  encoder.o
    0x08004120   0x0000011c   Code   RO         1107    i.Motor_6623_EncoderProcess  encoder.o
    0x0800423c   0x000021d0   Code   RO         1151    i.MouseKeyControlProcess  mousekeycontrol.o
    0x0800640c   0x000000d0   Code   RO         1152    i.MouseShootControl  mousekeycontrol.o
    0x080064dc   0x00000002   Code   RO            7    i.NMI_Handler       stm32f4xx_it.o
    0x080064de   0x00000002   PAD
    0x080064e0   0x00000078   Code   RO         1587    i.NVIC_Init         misc.o
    0x08006558   0x00000014   Code   RO         1588    i.NVIC_PriorityGroupConfig  misc.o
    0x0800656c   0x000005ac   Code   RO          899    i.PIDparameterchange  speedtask.o
    0x08006b18   0x00000048   Code   RO          620    i.PWM_Configuration  gun.o
    0x08006b60   0x000000f8   Code   RO          621    i.PWM_Configuration_AUTO  gun.o
    0x08006c58   0x000000a0   Code   RO         1428    i.Parameter_Transformation  dataprocess.o
    0x08006cf8   0x00000002   Code   RO            8    i.PendSV_Handler    stm32f4xx_it.o
    0x08006cfa   0x00000002   PAD
    0x08006cfc   0x00000020   Code   RO         2961    i.RCC_AHB1PeriphClockCmd  stm32f4xx_rcc.o
    0x08006d1c   0x00000020   Code   RO         2970    i.RCC_APB1PeriphClockCmd  stm32f4xx_rcc.o
    0x08006d3c   0x00000020   Code   RO         2972    i.RCC_APB1PeriphResetCmd  stm32f4xx_rcc.o
    0x08006d5c   0x00000020   Code   RO         2973    i.RCC_APB2PeriphClockCmd  stm32f4xx_rcc.o
    0x08006d7c   0x00000020   Code   RO         2975    i.RCC_APB2PeriphResetCmd  stm32f4xx_rcc.o
    0x08006d9c   0x000000e8   Code   RO         2982    i.RCC_GetClocksFreq  stm32f4xx_rcc.o
    0x08006e84   0x000003b8   Code   RO         1350    i.RemoteControlProcess  remotecontrol.o
    0x0800723c   0x00000130   Code   RO         1229    i.RemoteDataPrcess  remotetask.o
    0x0800736c   0x000001ac   Code   RO         1351    i.RemoteShootControl  remotecontrol.o
    0x08007518   0x000000c0   Code   RO         1230    i.RemoteTaskInit    remotetask.o
    0x080075d8   0x00000038   Code   RO         1429    i.RingBuffer_Read   dataprocess.o
    0x08007610   0x00000040   Code   RO         1430    i.RingBuffer_Write  dataprocess.o
    0x08007650   0x00000002   Code   RO            9    i.SVC_Handler       stm32f4xx_it.o
    0x08007652   0x00000002   PAD
    0x08007654   0x0000005c   Code   RO         1155    i.ServoKeyCtrl      mousekeycontrol.o
    0x080076b0   0x0000000c   Code   RO         1278    i.SetFrictionState  inputstate.o
    0x080076bc   0x00000060   Code   RO          901    i.SetGimbalMotorOutput  speedtask.o
    0x0800771c   0x00000028   Code   RO         1279    i.SetInputMode      inputstate.o
    0x08007744   0x00000018   Code   RO         1280    i.SetS1InputMode    inputstate.o
    0x0800775c   0x0000000c   Code   RO         1281    i.SetShootState     inputstate.o
    0x08007768   0x00000120   Code   RO          323    i.SetSysClock       system_stm32f4xx.o
    0x08007888   0x00000078   Code   RO         1044    i.Set_CM_Speed      canbustask.o
    0x08007900   0x0000005c   Code   RO         1046    i.Set_Gimbal_Current  canbustask.o
    0x0800795c   0x000000bc   Code   RO          902    i.ShooterMControlLoop  speedtask.o
    0x08007a18   0x00000090   Code   RO         1391    i.SuperiviseTask    supervisetask.o
    0x08007aa8   0x000000be   Code   RO          622    i.Switch_GPIO_PinSource  gun.o
    0x08007b66   0x00000002   Code   RO           10    i.SysTick_Handler   stm32f4xx_it.o
    0x08007b68   0x00000068   Code   RO          325    i.SystemInit        system_stm32f4xx.o
    0x08007bd0   0x0000003c   Code   RO          564    i.TIM2_Configuration  timer.o
    0x08007c0c   0x0000001e   Code   RO          565    i.TIM2_IRQHandler   timer.o
    0x08007c2a   0x00000002   PAD
    0x08007c2c   0x0000004c   Code   RO          566    i.TIM6_Configuration  timer.o
    0x08007c78   0x00000028   Code   RO          567    i.TIM6_DAC_IRQHandler  timer.o
    0x08007ca0   0x00000024   Code   RO          568    i.TIM6_Start        timer.o
    0x08007cc4   0x00000018   Code   RO         3909    i.TIM_ARRPreloadConfig  stm32f4xx_tim.o
    0x08007cdc   0x00000006   Code   RO         3915    i.TIM_ClearFlag     stm32f4xx_tim.o
    0x08007ce2   0x00000006   Code   RO         3916    i.TIM_ClearITPendingBit  stm32f4xx_tim.o
    0x08007ce8   0x00000018   Code   RO         3921    i.TIM_Cmd           stm32f4xx_tim.o
    0x08007d00   0x0000001e   Code   RO         3923    i.TIM_CtrlPWMOutputs  stm32f4xx_tim.o
    0x08007d1e   0x00000022   Code   RO         3942    i.TIM_GetITStatus   stm32f4xx_tim.o
    0x08007d40   0x00000012   Code   RO         3946    i.TIM_ITConfig      stm32f4xx_tim.o
    0x08007d52   0x00000002   PAD
    0x08007d54   0x0000007c   Code   RO         3950    i.TIM_OC1Init       stm32f4xx_tim.o
    0x08007dd0   0x000000a4   Code   RO         3955    i.TIM_OC2Init       stm32f4xx_tim.o
    0x08007e74   0x000000a0   Code   RO         3960    i.TIM_OC3Init       stm32f4xx_tim.o
    0x08007f14   0x00000078   Code   RO         3965    i.TIM_OC4Init       stm32f4xx_tim.o
    0x08007f8c   0x00000004   Code   RO         3983    i.TIM_SetCompare1   stm32f4xx_tim.o
    0x08007f90   0x00000084   Code   RO         3993    i.TIM_TimeBaseInit  stm32f4xx_tim.o
    0x08008014   0x00000034   Code   RO          499    i.UART3_PrintBlock1  usart3.o
    0x08008048   0x0000008c   Code   RO          853    i.UART7_IRQHandler  usart7.o
    0x080080d4   0x00000140   Code   RO          652    i.USART1_Configuration  usart1.o
    0x08008214   0x000000c0   Code   RO          653    i.USART1_IRQHandler  usart1.o
    0x080082d4   0x000000e0   Code   RO          688    i.USART2_IRQHandler  usart2.o
    0x080083b4   0x00000244   Code   RO          500    i.USART3_IRQHandler  usart3.o
    0x080085f8   0x00000144   Code   RO          501    i.USART3_Init       usart3.o
    0x0800873c   0x00000130   Code   RO          766    i.USART6_Configuration  usart6.o
    0x0800886c   0x000000b8   Code   RO          767    i.USART6_IRQHandler  usart6.o
    0x08008924   0x000000b0   Code   RO          854    i.USART7_Configuration  usart7.o
    0x080089d4   0x00000012   Code   RO         4467    i.USART_ClearFlag   stm32f4xx_usart.o
    0x080089e6   0x00000018   Code   RO         4471    i.USART_Cmd         stm32f4xx_usart.o
    0x080089fe   0x00000012   Code   RO         4472    i.USART_DMACmd      stm32f4xx_usart.o
    0x08008a10   0x000000f0   Code   RO         4473    i.USART_DeInit      stm32f4xx_usart.o
    0x08008b00   0x0000001a   Code   RO         4474    i.USART_GetFlagStatus  stm32f4xx_usart.o
    0x08008b1a   0x00000054   Code   RO         4475    i.USART_GetITStatus  stm32f4xx_usart.o
    0x08008b6e   0x0000004a   Code   RO         4477    i.USART_ITConfig    stm32f4xx_usart.o
    0x08008bb8   0x000000d4   Code   RO         4478    i.USART_Init        stm32f4xx_usart.o
    0x08008c8c   0x0000000a   Code   RO         4485    i.USART_ReceiveData  stm32f4xx_usart.o
    0x08008c96   0x00000008   Code   RO         4488    i.USART_SendData    stm32f4xx_usart.o
    0x08008c9e   0x00000018   Code   RO         4494    i.USART_StructInit  stm32f4xx_usart.o
    0x08008cb6   0x00000004   Code   RO           11    i.UsageFault_Handler  stm32f4xx_it.o
    0x08008cba   0x00000002   PAD
    0x08008cbc   0x00000010   Code   RO         4660    i.WWDG_SetCounter   stm32f4xx_wwdg.o
    0x08008ccc   0x000000e4   Code   RO          990    i.WorkStateFSM      workstate.o
    0x08008db0   0x0000002c   Code   RO          991    i.WorkStateSwitchProcess  workstate.o
    0x08008ddc   0x000000ec   Code   RO         1156    i.XTLKeyCtrl        mousekeycontrol.o
    0x08008ec8   0x00000030   Code   RO         5641    i.__ARM_fpclassify  m_wm.l(fpclassify.o)
    0x08008ef8   0x000000c8   Code   RO         5455    i.__hardfp_cos      m_wm.l(cos.o)
    0x08008fc0   0x00000014   Code   RO         5467    i.__hardfp_fabs     m_wm.l(fabs.o)
    0x08008fd4   0x00000004   PAD
    0x08008fd8   0x000000d0   Code   RO         5473    i.__hardfp_ldexp    m_wm.l(ldexp.o)
    0x080090a8   0x000000c8   Code   RO         5489    i.__hardfp_sin      m_wm.l(sin.o)
    0x08009170   0x00000438   Code   RO         5590    i.__ieee754_rem_pio2  m_wm.l(rred.o)
    0x080095a8   0x00000170   Code   RO         5572    i.__kernel_cos      m_wm.l(cos_i.o)
    0x08009718   0x000000f8   Code   RO         5643    i.__kernel_poly     m_wm.l(poly.o)
    0x08009810   0x00000130   Code   RO         5595    i.__kernel_sin      m_wm.l(sin_i.o)
    0x08009940   0x00000014   Code   RO         5576    i.__mathlib_dbl_infnan  m_wm.l(dunder.o)
    0x08009954   0x00000004   PAD
    0x08009958   0x00000020   Code   RO         5578    i.__mathlib_dbl_invalid  m_wm.l(dunder.o)
    0x08009978   0x00000020   Code   RO         5579    i.__mathlib_dbl_overflow  m_wm.l(dunder.o)
    0x08009998   0x00000020   Code   RO         5581    i.__mathlib_dbl_underflow  m_wm.l(dunder.o)
    0x080099b8   0x0000000e   Code   RO         5649    i.__scatterload_copy  mc_w.l(handlers.o)
    0x080099c6   0x00000002   Code   RO         5650    i.__scatterload_null  mc_w.l(handlers.o)
    0x080099c8   0x0000000e   Code   RO         5651    i.__scatterload_zeroinit  mc_w.l(handlers.o)
    0x080099d6   0x00000002   PAD
    0x080099d8   0x0000000c   Code   RO         5625    i.__set_errno       mc_w.l(errno.o)
    0x080099e4   0x00000048   Code   RO         1535    i.data_pack_handle  crc.o
    0x08009a2c   0x0000001c   Code   RO         1505    i.delay_ms          delay.o
    0x08009a48   0x0000003c   Code   RO          812    i.engineerpower_Init  controltask.o
    0x08009a84   0x00000018   Code   RO         5469    i.fabs              m_wm.l(fabs.o)
    0x08009a9c   0x000000c0   Code   RO          903    i.frictionwheelmotor  speedtask.o
    0x08009b5c   0x00000078   Code   RO         1431    i.getRobotPowerHeat  dataprocess.o
    0x08009bd4   0x00000070   Code   RO         1432    i.getRobotShootData  dataprocess.o
    0x08009c44   0x0000005c   Code   RO         1433    i.getRobotState     dataprocess.o
    0x08009ca0   0x0000000c   Code   RO          904    i.getdistancemode   speedtask.o
    0x08009cac   0x000000a8   Code   RO         1047    i.include_round_engle  canbustask.o
    0x08009d54   0x0000003c   Code   RO          361    i.laser_configuration  bsp.o
    0x08009d90   0x00000014   Code   RO          363    i.laser_on          bsp.o
    0x08009da4   0x00000044   Code   RO          540    i.main              main.o
    0x08009de8   0x00000054   Code   RO          905    i.setdistancemode   speedtask.o
    0x08009e3c   0x00000148   Code   RO          693    i.usart2_Init       usart2.o
    0x08009f84   0x00000120   Code   RO         1436    i.user_data_handle  dataprocess.o
    0x0800a0a4   0x00000300   Data   RO         1537    .constdata          crc.o
    0x0800a3a4   0x00000004   PAD
    0x0800a3a8   0x00000078   Data   RO         4727    .constdata          kalman.o
    0x0800a420   0x00000030   Data   RO         5573    .constdata          m_wm.l(cos_i.o)
    0x0800a450   0x000000c8   Data   RO         5592    .constdata          m_wm.l(rred.o)
    0x0800a518   0x00000028   Data   RO         5596    .constdata          m_wm.l(sin_i.o)
    0x0800a540   0x00000020   Data   RO         5647    Region$$Table       anon$$obj.o


    Execution Region RW_IRAM1 (Base: 0x20000000, Size: 0x00005e00, Max: 0x00030000, ABSOLUTE, COMPRESSED[0x00000290])

    Base Addr    Size         Type   Attr      Idx    E Section Name        Object

    0x20000000   0x00000014   Data   RW          503    .data               usart3.o
    0x20000014   0x00000008   Data   RW          541    .data               main.o
    0x2000001c   0x00000008   Data   RW          655    .data               usart1.o
    0x20000024   0x00000064   Data   RW          695    .data               usart2.o
    0x20000088   0x00000028   Data   RW          769    .data               usart6.o
    0x200000b0   0x00002c30   Data   RW          813    .data               controltask.o
    0x20002ce0   0x0000001c   Data   RW          857    .data               usart7.o
    0x20002cfc   0x0000005c   Data   RW          906    .data               speedtask.o
    0x20002d58   0x00000010   Data   RW          992    .data               workstate.o
    0x20002d68   0x00000010   Data   RW         1049    .data               canbustask.o
    0x20002d78   0x0000005c   Data   RW         1157    .data               mousekeycontrol.o
    0x20002dd4   0x00000108   Data   RW         1232    .data               remotetask.o
    0x20002edc   0x00000005   Data   RW         1282    .data               inputstate.o
    0x20002ee1   0x00000003   PAD
    0x20002ee4   0x0000000c   Data   RW         1353    .data               remotecontrol.o
    0x20002ef0   0x00000002   Data   RW         1393    .data               supervisetask.o
    0x20002ef2   0x00000002   PAD
    0x20002ef4   0x0000002c   Data   RW         1439    .data               dataprocess.o
    0x20002f20   0x00000004   Data   RW         1538    .data               crc.o
    0x20002f24   0x00000010   Data   RW         3014    .data               stm32f4xx_rcc.o
    0x20002f34   0x00000004   Data   RW         5626    .data               mc_w.l(errno.o)
    0x20002f38   0x000000f6   Zero   RW          502    .bss                usart3.o
    0x2000302e   0x0000004e   Zero   RW          569    .bss                timer.o
    0x2000307c   0x0000003c   Zero   RW          654    .bss                usart1.o
    0x200030b8   0x000003d8   Zero   RW          694    .bss                usart2.o
    0x20003490   0x000000a8   Zero   RW          768    .bss                usart6.o
    0x20003538   0x00000464   Zero   RW         1048    .bss                canbustask.o
    0x2000399c   0x0000005e   Zero   RW         1231    .bss                remotetask.o
    0x200039fa   0x00000017   Zero   RW         1352    .bss                remotecontrol.o
    0x20003a11   0x000000a4   Zero   RW         1437    .bss                dataprocess.o
    0x20003ab5   0x0000001c   Zero   RW         1536    .bss                crc.o
    0x20003ad1   0x00000007   PAD
    0x20003ad8   0x00001328   Zero   RW         4726    .bss                kalman.o
    0x20004e00   0x00001000   Zero   RW         4715    STACK               startup_stm32f427xx.o


==============================================================================

Image component sizes


      Code (inc. data)   RO Data    RW Data    ZI Data      Debug   Object Name

       156         16          0          0          0     246160   bsp.o
       356         24          0          0          0       1848   can1.o
       360         20          0          0          0       1832   can2.o
      1904        144          0         16       1124       7620   canbustask.o
       608        120          0      11312          0       3417   controltask.o
       252         26        768          4         28       6498   crc.o
       892        110          0         44        164       7932   dataprocess.o
        28          0          0          0          0        607   delay.o
      1236         80          0          0          0       4169   encoder.o
       510         16          0          0          0       2169   gun.o
       112         38          0          5          0       5751   inputstate.o
       170          6        120          0       4904       2782   kalman.o
        68          6          0          8          0        751   main.o
       140         24          0          0          0       1599   misc.o
      9530        488          0         92          0       7542   mousekeycontrol.o
      1504        120          0         12         23       2760   remotecontrol.o
       496         68          0        264         94       3949   remotetask.o
      7172        716          0         92          0       8442   speedtask.o
        36          8        428          0       4096        832   startup_stm32f427xx.o
      1710         26          0          0          0       8348   stm32f4xx_can.o
       682         54          0          0          0       7588   stm32f4xx_dma.o
       236          0          0          0          0       2952   stm32f4xx_gpio.o
        26          0          0          0          0      90675   stm32f4xx_it.o
       392         48          0         16          0       5949   stm32f4xx_rcc.o
       846         66          0          0          0       9080   stm32f4xx_tim.o
       738         42          0          0          0       8048   stm32f4xx_usart.o
        16          6          0          0          0        546   stm32f4xx_wwdg.o
       144         12          0          2          0        849   supervisetask.o
       392         32          0          0          0       1581   system_stm32f4xx.o
       250         18          0          0         78       4166   timer.o
       512         40          0          8         60       1979   usart1.o
      1306        116          0        100        984       7317   usart2.o
       956         82          0         20        246       3312   usart3.o
      1316        114          0         40        168       2985   usart6.o
       316         28          0         28          0       1930   usart7.o
       284         48          0         16          0       2603   workstate.o

    ----------------------------------------------------------------------
     35676       2762       1352      12084      11976     476568   Object Totals
         0          0         32          0          0          0   (incl. Generated)
        24          0          4          5          7          0   (incl. Padding)

    ----------------------------------------------------------------------

      Code (inc. data)   RO Data    RW Data    ZI Data      Debug   Library Member Name

       288          4          0          0          0       1785   pid_regulator.o
       112          6          0          0          0       5660   ramp.o
       200         20          0          0          0        164   cos.o
       368         46         48          0          0        200   cos_i.o
       116         24          0          0          0        496   dunder.o
        44          0          0          0          0        248   fabs.o
        48          0          0          0          0        124   fpclassify.o
       208          8          0          0          0        184   ldexp.o
       248          0          0          0          0        152   poly.o
      1080        142        200          0          0        188   rred.o
       200         20          0          0          0        164   sin.o
       304         24         40          0          0        208   sin_i.o
        86          0          0          0          0          0   __dczerorl2.o
         0          0          0          0          0          0   entry.o
         0          0          0          0          0          0   entry10a.o
         0          0          0          0          0          0   entry11a.o
         8          4          0          0          0          0   entry2.o
         4          0          0          0          0          0   entry5.o
         0          0          0          0          0          0   entry7b.o
         0          0          0          0          0          0   entry8b.o
         8          4          0          0          0          0   entry9a.o
        12          6          0          4          0         68   errno.o
        30          0          0          0          0          0   handlers.o
        36          8          0          0          0         68   init.o
         0          0          0          0          0          0   iusefp.o
        30          0          0          0          0         68   llshl.o
        36          0          0          0          0         68   llsshr.o
        32          0          0          0          0         68   llushr.o
        36          0          0          0          0         68   memcpya.o
        36          0          0          0          0        108   memseta.o
        48          0          0          0          0         68   cdcmple.o
        48          0          0          0          0         68   cdrcmple.o
        56          0          0          0          0         88   d2f.o
       334          0          0          0          0        148   dadd.o
       222          0          0          0          0        100   ddiv.o
       186          0          0          0          0        176   depilogue.o
        62          0          0          0          0         80   dfixi.o
        34          0          0          0          0         76   dflti.o
        26          0          0          0          0         76   dfltui.o
       228          0          0          0          0         96   dmul.o
        46          0          0          0          0         80   dscalb.o
        38          0          0          0          0         68   f2d.o
       110          0          0          0          0        168   fepilogue.o

    ----------------------------------------------------------------------
      5020        316        288          4          0      11381   Library Totals
        12          0          0          0          0          0   (incl. Padding)

    ----------------------------------------------------------------------

      Code (inc. data)   RO Data    RW Data    ZI Data      Debug   Library Name

       400         10          0          0          0       7445   RMLib.lib
      2816        284        288          0          0       2128   m_wm.l
       354         22          0          4          0        516   mc_w.l
      1438          0          0          0          0       1292   mf_w.l

    ----------------------------------------------------------------------
      5020        316        288          4          0      11381   Library Totals

    ----------------------------------------------------------------------

==============================================================================


      Code (inc. data)   RO Data    RW Data    ZI Data      Debug   

     40696       3078       1640      12088      11976     470149   Grand Totals
     40696       3078       1640        656      11976     470149   ELF Image Totals (compressed)
     40696       3078       1640        656          0          0   ROM Totals

==============================================================================

    Total RO  Size (Code + RO Data)                42336 (  41.34kB)
    Total RW  Size (RW Data + ZI Data)             24064 (  23.50kB)
    Total ROM Size (Code + RO Data + RW Data)      42992 (  41.98kB)

==============================================================================

